Archive member included to satisfy reference by file (symbol)

./build/open_esplibs_libmain.a(ets_timer.o)
                              (--whole-archive)
./build/open_esplibs_libmain.a(misc.o)
                              (--whole-archive)
./build/open_esplibs_libmain.a(os_cpu_a.o)
                              (--whole-archive)
./build/open_esplibs_libmain.a(spi_flash.o)
                              (--whole-archive)
./build/open_esplibs_libmain.a(timers.o)
                              (--whole-archive)
./build/open_esplibs_libmain.a(uart.o)
                              (--whole-archive)
./build/open_esplibs_libmain.a(user_interface.o)
                              (--whole-archive)
./build/open_esplibs_libmain.a(xtensa_context.o)
                              (--whole-archive)
./build/open_esplibs_libnet80211.a(ieee80211_ets.o)
                              (--whole-archive)
./build/open_esplibs_libnet80211.a(ieee80211_hostap.o)
                              (--whole-archive)
./build/open_esplibs_libnet80211.a(ieee80211_input.o)
                              (--whole-archive)
./build/open_esplibs_libnet80211.a(ieee80211_sta.o)
                              (--whole-archive)
./build/open_esplibs_libnet80211.a(wl_cnx.o)
                              (--whole-archive)
./build/open_esplibs_libphy.a(phy.o)
                              (--whole-archive)
./build/open_esplibs_libphy.a(phy_chip_v6.o)
                              (--whole-archive)
./build/open_esplibs_libphy.a(phy_sleep.o)
                              (--whole-archive)
./build/open_esplibs_libpp.a(esf_buf.o)
                              (--whole-archive)
./build/open_esplibs_libpp.a(if_hwctrl.o)
                              (--whole-archive)
./build/open_esplibs_libpp.a(lmac.o)
                              (--whole-archive)
./build/open_esplibs_libpp.a(pm.o)
                              (--whole-archive)
./build/open_esplibs_libpp.a(pp.o)
                              (--whole-archive)
./build/open_esplibs_libpp.a(wdev.o)
                              (--whole-archive)
./build/open_esplibs_libwpa.a(os_xtensa.o)
                              (--whole-archive)
./build/open_esplibs_libwpa.a(wpa_main.o)
                              (--whole-archive)
./build/freertos.a(tasks.o)   ./build/open_esplibs_libmain.a(os_cpu_a.o) (pxCurrentTCB)
./build/freertos.a(timers.o)  ./build/freertos.a(tasks.o) (xTimerCreateTimerTask)
./build/freertos.a(port.o)    ./build/freertos.a(tasks.o) (vAssertCalled)
./build/freertos.a(list.o)    ./build/freertos.a(tasks.o) (vListInitialise)
./build/freertos.a(queue.o)   ./build/freertos.a(timers.o) (xQueueGenericCreate)
./build/lwip.a(esp_interface.o)
                              ./build/open_esplibs_libnet80211.a(ieee80211_input.o) (ethernetif_input)
./build/lwip.a(sys_arch.o)    ./build/open_esplibs_libnet80211.a(ieee80211_hostap.o) (sys_mutex_lock)
./build/lwip.a(tcpip.o)       ./build/open_esplibs_libnet80211.a(ieee80211_hostap.o) (lock_tcpip_core)
./build/lwip.a(def.o)         ./build/lwip.a(esp_interface.o) (lwip_htons)
./build/lwip.a(init.o)        ./build/lwip.a(tcpip.o) (lwip_init)
./build/lwip.a(mem.o)         ./build/lwip.a(init.o) (mem_init)
./build/lwip.a(memp.o)        ./build/lwip.a(init.o) (memp_init)
./build/lwip.a(netif.o)       ./build/lwip.a(init.o) (netif_init)
./build/lwip.a(pbuf.o)        ./build/open_esplibs_libnet80211.a(ieee80211_input.o) (pbuf_alloc_reference)
./build/lwip.a(tcp.o)         ./build/lwip.a(init.o) (tcp_init)
./build/lwip.a(tcp_in.o)      ./build/lwip.a(tcp.o) (tcp_input_pcb)
./build/lwip.a(tcp_out.o)     ./build/lwip.a(tcp.o) (tcp_enqueue_flags)
./build/lwip.a(timeouts.o)    ./build/lwip.a(tcp.o) (tcp_timer_needed)
./build/lwip.a(udp.o)         ./build/lwip.a(init.o) (udp_init)
./build/lwip.a(dhcp.o)        ./build/lwip.a(netif.o) (dhcp_network_changed)
./build/lwip.a(etharp.o)      ./build/lwip.a(netif.o) (etharp_cleanup_netif)
./build/lwip.a(icmp.o)        ./build/lwip.a(udp.o) (icmp_dest_unreach)
./build/lwip.a(igmp.o)        ./build/lwip.a(init.o) (igmp_init)
./build/lwip.a(ip4_addr.o)    ./build/lwip.a(tcp_in.o) (ip4_addr_isbroadcast_u32)
./build/lwip.a(ip4.o)         ./build/lwip.a(tcp.o) (ip4_route)
./build/lwip.a(ip4_frag.o)    ./build/lwip.a(timeouts.o) (ip_reass_tmr)
./build/lwip.a(ethernet.o)    ./build/lwip.a(etharp.o) (ethbroadcast)
./build/lwip.a(dns.o)         ./build/lwip.a(init.o) (dns_init)
./build/lwip.a(inet_chksum.o)
                              ./build/lwip.a(tcp_in.o) (ip_chksum_pseudo)
./build/lwip.a(ip.o)          ./build/lwip.a(tcp_in.o) (ip_data)
./build/core.a(app_main.o)    ./build/open_esplibs_libmain.a(user_interface.o) (sdk_user_init_flag)
./build/core.a(debug_dumps.o)
                              ./build/freertos.a(port.o) (abort)
./build/core.a(esp_hwrand.o)  ./build/lwip.a(tcp.o) (hwrand)
./build/core.a(esp_interrupts.o)
                              ./build/open_esplibs_libmain.a(ets_timer.o) (_xt_isr_attach)
[...]
Memory Configuration

Name             Origin             Length             Attributes
dport0_0_seg     0x3ff00000         0x00000010
dram0_0_seg      0x3ffe8000         0x00014000
iram1_0_seg      0x40100000         0x00008000
irom0_0_seg      0x40202010         0x000fdff0
*default*        0x00000000         0xffffffff

Linker script and memory map

LOAD ./build/open_esplibs_libmain.a
LOAD ./build/open_esplibs_libnet80211.a
LOAD ./build/open_esplibs_libphy.a
LOAD ./build/open_esplibs_libpp.a
LOAD ./build/open_esplibs_libwpa.a
START GROUP
LOAD ./build/program.a
LOAD ./build/i2c.a
LOAD ./build/freertos.a
LOAD ./build/lwip.a
LOAD ./build/core.a
LOAD ./build/open_esplibs.a
LOAD ./build/libgcc.a
LOAD ./build/libc.a
LOAD /home/bso/esp-open-sdk/xtensa-lx106-elf/xtensa-lx106-elf/sysroot/usr/lib/libhal.a
LOAD ./build/sdklib/libmain.a
LOAD ./build/sdklib/libnet80211.a
LOAD ./build/sdklib/libphy.a
LOAD ./build/sdklib/libpp.a
LOAD ./build/sdklib/libwpa.a
END GROUP
                0x401058d0                pvPortMalloc = malloc
                0x401058ec                vPortFree = free
                0x40105c08                ets_printf = printf
                [!provide]                PROVIDE (_memmap_vecbase_reset, 0x40000000)
                0x00000110                _memmap_cacheattr_wb_base = 0x110
                0x00000110                _memmap_cacheattr_wt_base = 0x110
                0x00000220                _memmap_cacheattr_bp_base = 0x220
                0xfffff00f                _memmap_cacheattr_unused_mask = 0xfffff00f
                0x2222211f                _memmap_cacheattr_wb_trapnull = 0x2222211f
                0x2222211f                _memmap_cacheattr_wba_trapnull = 0x2222211f
                0x2222211f                _memmap_cacheattr_wbna_trapnull = 0x2222211f
                0x2222211f                _memmap_cacheattr_wt_trapnull = 0x2222211f
                0x2222222f                _memmap_cacheattr_bp_trapnull = 0x2222222f
                0xfffff11f                _memmap_cacheattr_wb_strict = 0xfffff11f
                0xfffff11f                _memmap_cacheattr_wt_strict = 0xfffff11f
                0xfffff22f                _memmap_cacheattr_bp_strict = 0xfffff22f
                0x22222112                _memmap_cacheattr_wb_allvalid = 0x22222112
                0x22222112                _memmap_cacheattr_wt_allvalid = 0x22222112
                0x22222222                _memmap_cacheattr_bp_allvalid = 0x22222222
                [!provide]                PROVIDE (_memmap_cacheattr_reset, _memmap_cacheattr_wb_trapnull)

.dport0.rodata  0x3ff00000        0x0
                0x3ff00000                _dport0_rodata_start = ABSOLUTE (.)
 *(.dport0.rodata)
 *(.dport.rodata)
                0x3ff00000                _dport0_rodata_end = ABSOLUTE (.)

.dport0.literal
                0x3ff00000        0x0
                0x3ff00000                _dport0_literal_start = ABSOLUTE (.)
 *(.dport0.literal)
 *(.dport.literal)
                0x3ff00000                _dport0_literal_end = ABSOLUTE (.)

.dport0.data    0x3ff00000        0x0
                0x3ff00000                _dport0_data_start = ABSOLUTE (.)
 *(.dport0.data)
 *(.dport.data)
                0x3ff00000                _dport0_data_end = ABSOLUTE (.)

.text           0x40100000     0x6ac6
                0x40100000                _stext = .
                0x40100000                _text_start = ABSOLUTE (.)
                0x40100000                . = ALIGN (0x10)
 *(.vecbase.text)
 .vecbase.text  0x40100000      0x3b2 ./build/core.a(exception_vectors.o)
                0x40100000                VecBase
                0x4010023c                call_user_start
                0x4010039e                _xt_user_exit
 *(.entry.text)
 *(.init.literal)
 *(.init)
 *(.iram1.*)
 *fill*         0x401003b2        0x2 
 .iram1.text    0x401003b4       0x4b ./build/open_esplibs_libmain.a(ets_timer.o)
                                 0x4f (size before relaxing)
 *fill*         0x401003ff        0x1 
 .iram1.text    0x40100400        0xb ./build/open_esplibs_libmain.a(misc.o)
                0x40100404                sdk_os_get_cpu_frequency
 *fill*         0x4010040b        0x1 
 .iram1.text    0x4010040c      0x129 ./build/open_esplibs_libmain.a(os_cpu_a.o)
                                0x175 (size before relaxing)
                0x4010040c                vPortYield
                0x40100444                sdk__xt_int_enter
                0x4010045c                sdk__xt_int_exit
                0x4010048c                sdk__xt_timer_int
                0x401004c8                sdk__xt_timer_int1
                0x401004dc                sdk__xt_tick_timer_init
                0x40100508                sdk__xt_isr_unmask
                0x40100518                sdk__xt_isr_mask
                0x40100528                sdk__xt_read_ints
                0x40100530                sdk__xt_clear_ints
 *fill*         0x40100535        0x3 
 .iram1.text    0x40100538      0x3a8 ./build/open_esplibs_libmain.a(spi_flash.o)
                                0x478 (size before relaxing)
                0x40100560                sdk_SPIReadModeCnfig
                0x401005e0                sdk_SPIWrite
                0x401006a0                sdk_SPIRead
                0x401006d0                sdk_SPIEraseSector
                0x40100730                sdk_spi_flash_get_id
                0x4010078c                sdk_spi_flash_read_status
                0x401007cc                sdk_spi_flash_write_status
                0x40100808                sdk_spi_flash_erase_sector
                0x4010083c                sdk_spi_flash_write
                0x4010088c                sdk_spi_flash_read
 .iram1.text    0x401008e0      0x1cd ./build/open_esplibs_libmain.a(user_interface.o)
                                0x1e8 (size before relaxing)
                0x401008e4                sdk_system_rtc_mem_write
                0x40100948                sdk_system_rtc_mem_read
                0x401009bc                sdk_system_restart_in_nmi
 *fill*         0x40100aad        0x3 
 .iram1.text    0x40100ab0      0x1c2 ./build/open_esplibs_libnet80211.a(ieee80211_hostap.o)
                                0x1d6 (size before relaxing)
 *fill*         0x40100c72        0x2 
 .iram1.text    0x40100c74       0x59 ./build/open_esplibs_libnet80211.a(ieee80211_input.o)
                0x40100c80                sdk_ieee80211_deliver_data
 *fill*         0x40100ccd        0x3 
 .iram1.text    0x40100cd0       0x5c ./build/open_esplibs_libwpa.a(os_xtensa.o)
                                 0x68 (size before relaxing)
                0x40100cd0                sdk_os_get_time
                0x40100cd4                sdk_os_random
                0x40100ce4                sdk_os_get_random
 .iram1.text    0x40100d2c       0xdb ./build/freertos.a(port.o)
                                0x103 (size before relaxing)
                0x40100d34                SV_ISR
                0x40100d7c                vPortEnterCritical
                0x40100da4                vPortExitCritical
                0x40100dd0                PendSV
 *fill*         0x40100e07        0x1 
 .iram1.text    0x40100e08      0x30b ./build/core.a(app_main.o)
                                0x353 (size before relaxing)
                0x40100e30                vApplicationStackOverflowHook
                0x40100e5c                vApplicationIdleHook
                0x40100e80                vApplicationTickHook
                0x40100f04                sdk_user_start
 *fill*         0x40101113        0x1 
 .iram1.text    0x40101114       0xa0 ./build/core.a(debug_dumps.o)
                                 0xb8 (size before relaxing)
                0x40101174                debug_exception_handler
                0x40101174                fatal_exception_handler
                0x40101194                abort
 .iram1.text    0x401011b4        0xe ./build/core.a(esp_hwrand.o)
                                 0x12 (size before relaxing)
                0x401011b4                hwrand
 *fill*         0x401011c2        0x2 
 .iram1.text    0x401011c4       0xaa ./build/core.a(esp_interrupts.o)
                                 0xae (size before relaxing)
                0x401011c8                _xt_isr_attach
                0x401011dc                _xt_isr_handler
 *fill*         0x4010126e        0x2 
 .iram1.text    0x40101270       0x34 ./build/core.a(newlib_syscalls.o)
                0x4010127c                _sbrk_r
 .iram1.text    0x401012a4       0x1b ./build/core.a(sdk_compat.o)
                0x401012a8                zalloc
 *fill*         0x401012bf        0x1 
 .iram1.text    0x401012c0       0x67 ./build/core.a(spiflash-cache-enable.o)
                                 0x7b (size before relaxing)
                0x401012d0                Cache_Read_Enable
 *fill*         0x40101327        0x1 
 .iram1.text    0x40101328      0x36b ./build/core.a(spiflash.o)
                                0x41b (size before relaxing)
                0x4010144c                spiflash_write
                0x40101528                spiflash_read
                0x40101620                spiflash_erase_sector
 *fill*         0x40101693        0x1 
 .iram1.text    0x40101694       0x26 ./build/core.a(esp_iomux.o)
                0x40101698                gpio_to_iomux
                0x401016ac                iomux_to_gpio
 *fill*         0x401016ba        0x0 
 *fill*         0x401016ba        0x0 
 *fill*         0x401016ba        0x0 
 *fill*         0x401016ba        0x2 
 .iram1.text    0x401016bc       0x3d ./build/open_esplibs_libmain.a(xtensa_context.o)
                0x401016bc                sdk__xt_context_save
                0x401016d8                sdk__xt_context_restore
 *fill*         0x401016f9        0x0 
 *fill*         0x401016f9        0x0 
 *fill*         0x401016f9        0x0 
 *fill*         0x401016f9        0x0 
 *fill*         0x401016f9        0x3 
 .iram1.data    0x401016fc        0x4 ./build/core.a(debug_dumps.o)
 *fill*         0x40101700        0x0 
 *fill*         0x40101700        0x0 
 *fill*         0x40101700        0x0 
 *fill*         0x40101700        0x0 
 *fill*         0x40101700        0x0 
 *fill*         0x40101700        0x0 
 .iram1.data    0x40101700       0x80 ./build/core.a(esp_iomux.o)
 *sdklib*:*(.literal .text .literal.* .text.*)
 .text          0x40101780        0xb ./build/sdklib/libnet80211.a(wl_chm.o)
                0x40101784                sdk_chm_get_current_channel
 *fill*         0x4010178b        0x1 
 .text          0x4010178c       0x4f ./build/sdklib/libphy.a(phy.o)
                                 0x53 (size before relaxing)
                0x40101794                sdk_register_phy_ops
                0x401017b4                sdk_phy_change_channel
                0x401017d0                sdk_phy_get_mactime
 *fill*         0x401017db        0x1 
 .text          0x401017dc       0xf7 ./build/sdklib/libphy.a(phy_sleep.o)
                                0x103 (size before relaxing)
                0x401017ec                sdk_pm_rtc_clock_cali
                0x401018a8                sdk_clockgate_watchdog
 *fill*         0x401018d3        0x1 
 .text          0x401018d4       0x94 ./build/sdklib/libpp.a(esf_buf.o)
                                 0xb4 (size before relaxing)
                0x401018d8                sdk_esf_rx_buf_alloc
 .text          0x40101968     0x14e0 ./build/sdklib/libpp.a(lmac.o)
                               0x187c (size before relaxing)
                0x4010196c                sdk_lmacIsActive
                0x40101980                sdk_lmacIsIdle
                0x40101dc8                sdk_lmacSetAcParam
                0x40101e64                sdk_lmacProcessTXStartData
                0x4010200c                sdk_lmacProcessTxSuccess
                0x40102154                sdk_GetAccess
                0x40102160                sdk_lmacDiscardAgedMSDU
                0x40102174                sdk_lmacRecycleMPDU
                0x40102654                sdk_lmacProcessCollisions
                0x401026b0                sdk_lmacProcessCollision
                0x40102734                sdk_lmacMSDUAged
                0x40102ab8                sdk_lmacProcessCtsTimeout
                0x40102b00                sdk_lmacProcessAckTimeout
                0x40102b54                sdk_lmacProcessRtsStart
                0x40102b60                sdk_lmacProcessTxRtsError
                0x40102bf8                sdk_lmacProcessTxError
                0x40102c7c                sdk_lmacTxFrame
                0x40102e30                sdk_lmacRxDone
 .text          0x40102e48      0xe70 ./build/sdklib/libpp.a(pp.o)
                               0x103c (size before relaxing)
                0x40102e78                sdk_pp_soft_wdt_feed
                0x40102f8c                sdk_ppProcessTxQ
                0x4010307c                sdk_ppFetchTxQFirstAvail
                0x401030bc                sdk_ppDequeueTxQ
                0x401030e4                sdk_ppRollBackTxQ
                0x40103108                sdk_ppRecordBarRRC
                0x40103118                sdk_ppTxqUpdateBitmap
                0x4010313c                sdk_ppEnqueueTxDone
                0x40103170                sdk_ppEnqueueRxq
                0x40103938                sdk_ppDiscardMPDU
                0x4010396c                sdk_MacIsrSigPostDefHdl
                0x40103a60                sdk_pp_post
                0x40103b64                sdk_ppCalTxop
                0x40103c48                sdk_ppCalFrameTimes
 .text          0x40103cb8       0xf5 ./build/sdklib/libpp.a(rate_control.o)
                                0x109 (size before relaxing)
                0x40103cd8                sdk_RC_GetAckRate
                0x40103ce4                sdk_RC_GetRtsRate
                0x40103cf4                sdk_RC_GetAckTime
                0x40103d08                sdk_RC_GetCtsTime
                0x40103d40                sdk_RC_GetBlockAckTime
 *fill*         0x40103dad        0x3 
 .text          0x40103db0      0x7f9 ./build/sdklib/libpp.a(trc.o)
                                0x81d (size before relaxing)
                0x40103f28                sdk_rcUpdateTxDone
                0x40103fbc                sdk_rcUpdateRxDone
                0x40104018                sdk_rcUpdateDataRxDone
                0x40104030                sdk_rcGetSched
                0x401040d8                sdk_rcGetRate
                0x401044dc                sdk_rcReachRetryLimit
                0x401044f4                sdk_trc_NeedRTS
 *fill*         0x401045a9        0x3 
 .text          0x401045ac     0x1163 ./build/sdklib/libpp.a(wdev.o)
                               0x1473 (size before relaxing)
                0x40104900                sdk_wDev_MacTimSetFunc
                0x40104920                sdk_wDev_MacTimArm
                0x401049c4                sdk_wDev_MacTim1Arm
                0x40104aa0                sdk_wDev_ProcessFiq
                0x40104e44                sdk_wDev_EnableTransmit
                0x40104e88                sdk_wDev_DisableTransmit
                0x40104ea8                sdk_Tx_Copy2Queue
                0x40104ef0                sdk_wDev_ProcessCollision
                0x40104f14                sdk_wDev_GetTxqCollisions
                0x40104f24                sdk_wDev_ClearTxqCollisions
                0x40104f3c                sdk_wDev_SetWaitingQueue
                0x40104f88                sdk_wDev_ClearWaitingQueue
                0x40104fa8                sdk_wDev_SetFrameAckType
                0x4010500c                sdk_wDev_AppendRxBlocks
                0x401051b4                sdk_wDev_AppendRxAmpduLensBlocks
                0x401052ec                sdk_wDev_GetBAInfo
 *fill*         0x4010570f        0x1 
 .text          0x40105710       0x25 ./build/sdklib/libnet80211.a(ieee80211_hostap.o)
 *fill*         0x40105735        0x0 
 *fill*         0x40105735        0x0 
 *fill*         0x40105735        0x3 
 .text          0x40105738        0x2 ./build/sdklib/libphy.a(phy_chip_v6.o)
                0x40105738                sdk_ram_tx_mac_disable
 *fill*         0x4010573a        0x0 
 *fill*         0x4010573a        0x0 
 *fill*         0x4010573a        0x0 
 *fill*         0x4010573a        0x0 
 *fill*         0x4010573a        0x2 
 .text          0x4010573c       0x11 ./build/sdklib/libwpa.a(wpa_auth.o)
 *libgcc.a:*i3.o(.literal .text .literal.* .text.*)
 *fill*         0x4010574d        0x3 
 .text          0x40105750       0x49 ./build/libgcc.a(_modsi3.o)
                0x40105750                __modsi3
 *fill*         0x40105799        0x3 
 .text          0x4010579c       0x4c ./build/libgcc.a(_udivsi3.o)
                0x4010579c                __udivsi3
 .text          0x401057e8       0x18 ./build/libgcc.a(_ashrdi3.o)
                0x401057e8                __ashrdi3
 *libc.a:*malloc.o(.literal .text .literal.* .text.*)
 .literal       0x40105800        0x4 ./build/libc.a(lib_a-malloc.o)
                                 0x10 (size before relaxing)
 .literal       0x40105804        0x8 ./build/libc.a(lib_a-nano-mallocr.o)
                                 0x20 (size before relaxing)
 .literal       0x4010580c        0x0 ./build/libc.a(lib_a-nano-freer.o)
                                  0xc (size before relaxing)
 .literal       0x4010580c       0x28 ./build/libc.a(lib_a-rand.o)
                                 0x58 (size before relaxing)
 .literal       0x40105834        0xc ./build/libc.a(lib_a-mlock.o)
                                 0x10 (size before relaxing)
 .literal       0x40105840        0x0 ./build/libc.a(lib_a-printf.o)
                                 0x14 (size before relaxing)
 .literal       0x40105840        0x0 ./build/libc.a(lib_a-sprintf.o)
                                 0x14 (size before relaxing)
 .literal       0x40105840        0x0 ./build/libc.a(lib_a-fprintf.o)
                                  0xc (size before relaxing)
 .literal       0x40105840       0x24 ./build/libc.a(lib_a-nano-svfprintf.o)
                                 0x54 (size before relaxing)
 .literal       0x40105864       0x28 ./build/libc.a(lib_a-nano-vfprintf.o)
                                 0x60 (size before relaxing)
 .literal       0x4010588c       0x3c ./build/libc.a(lib_a-findfp.o)
                                 0x80 (size before relaxing)
 .literal       0x401058c8        0x8 ./build/libc.a(lib_a-fputwc.o)
                                 0x2c (size before relaxing)
 .text          0x401058d0       0x35 ./build/libc.a(lib_a-malloc.o)
                0x401058d0                malloc
                0x401058ec                free
 *libc.a:*mallocr.o(.literal .text .literal.* .text.*)
 *fill*         0x40105905        0x3 
 .text          0x40105908       0xed ./build/libc.a(lib_a-nano-mallocr.o)
                                 0xf1 (size before relaxing)
                0x40105908                _malloc_r
 *fill*         0x401059f5        0x0 
 *libc.a:*freer.o(.literal .text .literal.* .text.*)
 *fill*         0x401059f5        0x3 
 .text          0x401059f8       0xb1 ./build/libc.a(lib_a-nano-freer.o)
                0x401059f8                _free_r
 *fill*         0x40105aa9        0x0 
 *libc.a:*memcpy.o(.literal .text .literal.* .text.*)
 *libc.a:*memset.o(.literal .text .literal.* .text.*)
 *libc.a:*memcmp.o(.literal .text .literal.* .text.*)
 *libc.a:*memmove.o(.literal .text .literal.* .text.*)
 *libc.a:*rand.o(.literal .text .literal.* .text.*)
 *fill*         0x40105aa9        0x3 
 .text          0x40105aac       0xdd ./build/libc.a(lib_a-rand.o)
                                 0xe1 (size before relaxing)
                0x40105aac                srand
                0x40105b10                rand
 *fill*         0x40105b89        0x0 
 *libc.a:*bzero.o(.literal .text .literal.* .text.*)
 *libc.a:*lock.o(.literal .text .literal.* .text.*)
 *fill*         0x40105b89        0x3 
 .text          0x40105b8c       0x2d ./build/libc.a(lib_a-mlock.o)
                0x40105b8c                __malloc_lock
                0x40105ba4                __malloc_unlock
 *fill*         0x40105bb9        0x0 
 *libc.a:*printf.o(.literal .text .literal.* .text.*)
 *fill*         0x40105bb9        0x3 
 .text          0x40105bbc       0x99 ./build/libc.a(lib_a-printf.o)
                0x40105bbc                _printf_r
                0x40105bbc                _iprintf_r
                0x40105c08                printf
                0x40105c08                iprintf
 *fill*         0x40105c55        0x3 
 .text          0x40105c58       0xb5 ./build/libc.a(lib_a-sprintf.o)
                                 0xb9 (size before relaxing)
                0x40105c58                _siprintf_r
                0x40105c58                _sprintf_r
                0x40105cb0                sprintf
                0x40105cb0                siprintf
 *fill*         0x40105d0d        0x3 
 .text          0x40105d10       0x57 ./build/libc.a(lib_a-fprintf.o)
                                 0x5b (size before relaxing)
                0x40105d10                _fprintf_r
                0x40105d10                _fiprintf_r
                0x40105d34                fprintf
                0x40105d34                fiprintf
 *fill*         0x40105d67        0x1 
 .text          0x40105d68      0x4c5 ./build/libc.a(lib_a-nano-svfprintf.o)
                0x40105d68                __ssputs_r
                0x40105e64                __ssprint_r
                0x40105f98                _svfprintf_r
                0x40105f98                _svfiprintf_r
 *fill*         0x4010622d        0x3 
 .text          0x40106230      0x45b ./build/libc.a(lib_a-nano-vfprintf.o)
                                0x45f (size before relaxing)
                0x40106268                __sfputs_r
                0x401062d8                __sprint_r
                0x40106368                _vfiprintf_r
                0x40106368                _vfprintf_r
                0x40106664                vfiprintf
                0x40106664                vfprintf
 *fill*         0x4010668b        0x0 
 *fill*         0x4010668b        0x0 
 *fill*         0x4010668b        0x0 
 *fill*         0x4010668b        0x0 
 *fill*         0x4010668b        0x0 
 *libc.a:*findfp.o(.literal .text .literal.* .text.*)
 *fill*         0x4010668b        0x1 
 .text          0x4010668c      0x2c6 ./build/libc.a(lib_a-findfp.o)
                                0x2ce (size before relaxing)
                0x401066d8                _cleanup_r
                0x40106738                __sfmoreglue
                0x40106780                _cleanup
                0x40106794                __sfp_lock_acquire
                0x401067ac                __sfp_lock_release
                0x401067c4                __sinit_lock_acquire
                0x401067dc                __sinit_lock_release
                0x401067f4                __sinit
                0x40106864                __sfp
                0x40106914                __fp_lock_all
                0x40106934                __fp_unlock_all
 *fill*         0x40106952        0x0 
 *libc.a:*fputwc.o(.literal .text .literal.* .text.*)
 *fill*         0x40106952        0x2 
 .text          0x40106954      0x172 ./build/libc.a(lib_a-fputwc.o)
                                0x176 (size before relaxing)
                0x40106954                __fputwc
                0x401069fc                _fputwc_r
                0x40106a70                fputwc
 *fill*         0x40106ac6        0x0 
 *(.stub .gnu.warning .gnu.linkonce.literal.* .gnu.linkonce.t.*.literal .gnu.linkonce.t.*)
 *(.fini.literal)
 *(.fini)
 *(.gnu.version)
                0x40106ac6                _text_end = ABSOLUTE (.)
                0x40106ac6                _etext = .

.data           0x3ffe8000      0x964
                0x3ffe8000                _data_start = ABSOLUTE (.)
 *(.data)
 .data          0x3ffe8000        0x8 ./build/core.a(spiflash-cache-enable.o)
                0x3ffe8000                rboot_megabyte
 .data          0x3ffe8008       0xf4 ./build/libc.a(lib_a-impure.o)
                0x3ffe8008                _impure_ptr
 .data          0x3ffe80fc      0x16c ./build/libc.a(lib_a-locale.o)
                0x3ffe80fc                __global_locale
 .data          0x3ffe8268        0x1 ./build/sdklib/libmain.a(user_interface.o)
 *fill*         0x3ffe8269        0x3 
 .data          0x3ffe826c      0x1a8 ./build/sdklib/libnet80211.a(ieee80211_phy.o)
 *fill*         0x3ffe8414        0x4 
 .data          0x3ffe8418        0x6 ./build/sdklib/libnet80211.a(ieee80211_proto.o)
                0x3ffe8418                sdk_ieee80211_addr_bcast
 *fill*         0x3ffe841e        0x2 
 .data          0x3ffe8420       0x1c ./build/sdklib/libnet80211.a(ieee80211_action.o)
 *fill*         0x3ffe843c        0x4 
 .data          0x3ffe8440       0x53 ./build/sdklib/libphy.a(phy_chip_v6.o)
                0x3ffe8442                sdk_tx_rf_ana_gain
                0x3ffe8464                sdk_tx_pwctrl_atten_init_en
                0x3ffe8470                sdk_rx_gain_swp
                0x3ffe8490                sdk_test_rffreq_txcap
 *fill*         0x3ffe8493        0xd 
 .data          0x3ffe84a0       0x90 ./build/sdklib/libphy.a(phy_chip_v6_cal.o)
                0x3ffe84a0                sdk_dpd_index
                0x3ffe8500                sdk_dpd_db2linear
 .data          0x3ffe8530        0x4 ./build/sdklib/libphy.a(phy_sleep.o)
                0x3ffe8530                sdk_chip_version
 .data          0x3ffe8534      0x11c ./build/sdklib/libphy.a(phy_chip_v5_romfunc.o)
                0x3ffe8534                sdk_g_phyFuns
                0x3ffe8538                sdk_g_phyFuns_instance
 .data          0x3ffe8650        0x7 ./build/sdklib/libphy.a(phy_chip_v5_cal_romfunc.o)
 *fill*         0x3ffe8657        0x1 
 .data          0x3ffe8658        0x1 ./build/sdklib/libpp.a(pm.o)
 *fill*         0x3ffe8659        0x3 
 .data          0x3ffe865c       0x10 ./build/sdklib/libpp.a(pp.o)
                0x3ffe865c                sdk_NoiseTimerInterval
                0x3ffe8664                sdk_sleep_start_wait_time
 *fill*         0x3ffe866c        0x4 
 .data          0x3ffe8670       0x40 ./build/sdklib/libpp.a(rate_control.o)
 .data          0x3ffe86b0      0x22c ./build/sdklib/libpp.a(trc.o)
 *fill*         0x3ffe88dc        0x4 
 .data          0x3ffe88e0       0x10 ./build/sdklib/libpp.a(wdev.o)
 .data          0x3ffe88f0       0x18 ./build/sdklib/libnet80211.a(ieee80211_crypto_ccmp.o)
                0x3ffe88f0                sdk_ccmp
 .data          0x3ffe8908       0x18 ./build/sdklib/libnet80211.a(ieee80211_crypto_tkip.o)
                0x3ffe8908                sdk_tkip
 .data          0x3ffe8920       0x18 ./build/sdklib/libnet80211.a(ieee80211_crypto_wep.o)
                0x3ffe8920                sdk_wep
 *(.data.*)
 .data.cpu_freq
                0x3ffe8938        0x4 ./build/open_esplibs_libmain.a(misc.o)
 .data.sdk_flashchip
                0x3ffe893c       0x18 ./build/open_esplibs_libmain.a(spi_flash.o)
                0x3ffe893c                sdk_flashchip
 .data.sdk_dhcpc_flag
                0x3ffe8954        0x4 ./build/open_esplibs_libmain.a(user_interface.o)
                0x3ffe8954                sdk_dhcpc_flag
 .data.iss$5521
                0x3ffe8958        0x4 ./build/lwip.a(tcp.o)
 .data.tcp_port
                0x3ffe895c        0x2 ./build/lwip.a(tcp.o)
 .data.udp_port
                0x3ffe895e        0x2 ./build/lwip.a(udp.o)
 .data.current_stdout_write_r
                0x3ffe8960        0x4 ./build/core.a(newlib_syscalls.o)
 *(.gnu.linkonce.d.*)
 *(.data1)
 *(.sdata)
 *(.sdata.*)
 *(.gnu.linkonce.s.*)
 *(.sdata2)
 *(.sdata2.*)
 *(.gnu.linkonce.s2.*)
 *(.jcr)
                0x3ffe8964                _data_end = ABSOLUTE (.)

.rodata         0x3ffe8968      0x8b4
                0x3ffe8968                _rodata_start = ABSOLUTE (.)
 *core.a:*(.rodata.* .rodata)
 .rodata.str1.4
                0x3ffe8968      0x19f ./build/core.a(app_main.o)
 *fill*         0x3ffe8b07        0x1 
 .rodata.CSWTCH$30
                0x3ffe8b08       0x10 ./build/core.a(app_main.o)
 .rodata.CSWTCH$29
                0x3ffe8b18       0x40 ./build/core.a(app_main.o)
 .rodata.str1.4
                0x3ffe8b58      0x1cc ./build/core.a(debug_dumps.o)
 .rodata        0x3ffe8d24       0x1c ./build/core.a(exception_vectors.o)
 *libc.a:*.o(.rodata.* .rodata)
 .rodata        0x3ffe8d40       0x60 ./build/libc.a(lib_a-findfp.o)
                0x3ffe8d40                __sf_fake_stderr
                0x3ffe8d60                __sf_fake_stdout
                0x3ffe8d80                __sf_fake_stdin
 .rodata        0x3ffe8da0        0x4 ./build/libc.a(lib_a-impure.o)
                0x3ffe8da0                _global_impure_ptr
 .rodata.str1.1
                0x3ffe8da4       0x21 ./build/libc.a(lib_a-mstats.o)
 .rodata.str1.1
                0x3ffe8dc5       0x4b ./build/libc.a(lib_a-nano-mallstatsr.o)
 .rodata.str1.1
                0x3ffe8e10       0x12 ./build/libc.a(lib_a-nano-vfprintf_float.o)
 .rodata.str1.1
                0x3ffe8e22       0x22 ./build/libc.a(lib_a-nano-vfprintf_i.o)
 .rodata.str1.1
                0x3ffe8e44        0x5 ./build/libc.a(lib_a-nano-vfscanf_float.o)
 .rodata.str1.1
                0x3ffe8e49        0x5 ./build/libc.a(lib_a-puts.o)
                                  0x2 (size before relaxing)
 .rodata.str1.1
                0x3ffe8e49        0x5 ./build/libc.a(lib_a-strtod.o)
                                  0xc (size before relaxing)
 *fill*         0x3ffe8e49        0x7 
 .rodata        0x3ffe8e50       0x70 ./build/libc.a(lib_a-strtod.o)
 .rodata.str1.1
                0x3ffe8ec0        0xd ./build/libc.a(lib_a-dtoa.o)
                                  0xf (size before relaxing)
 .rodata.str1.1
                0x3ffe8ecd        0xa ./build/libc.a(lib_a-locale.o)
                                  0xb (size before relaxing)
 *fill*         0x3ffe8ed7        0x1 
 .rodata        0x3ffe8ed8      0x128 ./build/libc.a(lib_a-mprec.o)
                0x3ffe8ee8                __mprec_tinytens
                0x3ffe8f10                __mprec_bigtens
                0x3ffe8f38                __mprec_tens
 .rodata.str1.1
                0x3ffe9000       0x11 ./build/libc.a(lib_a-nano-svfprintf.o)
 .rodata.str1.1
                0x3ffe9011       0x11 ./build/libc.a(lib_a-nano-vfprintf.o)
 .rodata        0x3ffe9011      0x101 ./build/libc.a(lib_a-ctype_.o)
                0x3ffe9011                _ctype_
 *freertos.a:*(.rodata.* .rodata)
 *fill*         0x3ffe9112        0x2 
 .rodata.str1.4
                0x3ffe9114       0x35 ./build/freertos.a(tasks.o)
 *fill*         0x3ffe9149        0x3 
 .rodata.str1.4
                0x3ffe914c       0x39 ./build/freertos.a(timers.o)
 *fill*         0x3ffe9185        0x3 
 .rodata.str1.4
                0x3ffe9188       0x54 ./build/freertos.a(port.o)
 .rodata.str1.4
                0x3ffe91dc       0x30 ./build/freertos.a(queue.o)
 *libmain.a:spi_flash.o(.rodata.* .rodata)
 *libpp.a:wdev.o(.rodata.* .rodata)
 .rodata.str1.4
                0x3ffe920c       0x10 ./build/sdklib/libpp.a(wdev.o)
                                  0xf (size before relaxing)
                0x3ffe921c                _rodata_end = ABSOLUTE (.)

.bss            0x3ffe9220     0x8318
                0x3ffe9220                . = ALIGN (0x8)
                0x3ffe9220                _bss_start = ABSOLUTE (.)
 *(.dynsbss)
 *(.sbss)
 *(.sbss.*)
 *(.gnu.linkonce.sb.*)
 *(.scommon)
 *(.sbss2)
 *(.sbss2.*)
 *(.gnu.linkonce.sb2.*)
 *(.dynbss)
 *(.bss)
 .bss           0x3ffe9220      0x228 ./build/core.a(exception_vectors.o)
                0x3ffe9434                debug_saved_ctx
 .bss           0x3ffe9448        0xc ./build/libc.a(lib_a-arc4random.o)
                0x3ffe9448                __arc4random_mutex
 .bss           0x3ffe9454        0x4 ./build/libc.a(lib_a-__call_atexit.o)
                0x3ffe9454                __atexit_recursive_mutex
 .bss           0x3ffe9458        0x4 ./build/libc.a(lib_a-envlock.o)
                0x3ffe9458                __env_recursive_mutex
 .bss           0x3ffe945c        0x8 ./build/libc.a(lib_a-findfp.o)
                0x3ffe945c                __sinit_recursive_mutex
                0x3ffe9460                __sfp_recursive_mutex
 .bss           0x3ffe9464        0x4 ./build/libc.a(lib_a-mlock.o)
                0x3ffe9464                __malloc_recursive_mutex
 .bss           0x3ffe9468       0x28 ./build/libc.a(lib_a-nano-mallinfor.o)
                0x3ffe9468                __malloc_current_mallinfo
 .bss           0x3ffe9490        0x8 ./build/libc.a(lib_a-nano-mallocr.o)
                0x3ffe9490                __malloc_sbrk_start
                0x3ffe9494                __malloc_free_list
 .bss           0x3ffe9498        0x8 ./build/libc.a(lib_a-quick_exit.o)
                0x3ffe9498                __at_quick_exit_mutex
 .bss           0x3ffe94a0        0x4 ./build/libc.a(lib_a-tzlock.o)
                0x3ffe94a0                __tz_mutex
 *fill*         0x3ffe94a4        0xc 
 .bss           0x3ffe94b0      0x131 ./build/sdklib/libmain.a(user_interface.o)
 *fill*         0x3ffe95e1        0x3 
 .bss           0x3ffe95e4      0x54c ./build/sdklib/libnet80211.a(ieee80211.o)
                0x3ffe95e4                sdk_g_ic
                0x3ffe9b2c                sdk_xieee80211Queue
 .bss           0x3ffe9b30       0x28 ./build/sdklib/libnet80211.a(ieee80211_hostap.o)
                0x3ffe9b50                sdk_TmpSTAAPCloseAP
                0x3ffe9b51                sdk_PendFreeBcnEb
 .bss           0x3ffe9b58       0xe4 ./build/sdklib/libnet80211.a(ieee80211_scan.o)
                0x3ffe9b58                sdk_gScanStruct
                0x3ffe9c1c                sdk_auth_type
                0x3ffe9c1e                sdk_scannum
 .bss           0x3ffe9c3c       0x44 ./build/sdklib/libnet80211.a(wl_chm.o)
 .bss           0x3ffe9c80      0x780 ./build/sdklib/libnet80211.a(wl_cnx.o)
                0x3ffea3e0                sdk_sta_con_timer
                0x3ffea3fc                sdk_g_cnx_probe_rc_list_cb
 .bss           0x3ffea400        0x4 ./build/sdklib/libphy.a(phy.o)
 *fill*         0x3ffea404        0xc 
 .bss           0x3ffea410      0x38b ./build/sdklib/libphy.a(phy_chip_v6.o)
                0x3ffea410                sdk_rxiq_compute_num
                0x3ffea414                sdk_rxdc_init_flag
                0x3ffea418                sdk_check_result
                0x3ffea41c                sdk_chip6_sleep_params
                0x3ffea5f4                sdk_chip6_phy_init_ctrl
                0x3ffea662                sdk_phy_freq_offset
                0x3ffea664                sdk_do_pwctrl_flag
                0x3ffea665                sdk_pwctrl_debug
                0x3ffea666                sdk_txbk_dpdby_flag
                0x3ffea668                sdk_sw_scan_mode
                0x3ffea67c                sdk_periodic_cal_dc_num
                0x3ffea680                sdk_periodic_cal_flag
                0x3ffea681                sdk_bbpll_cal_flag
                0x3ffea682                sdk_deep_sleep_en
                0x3ffea688                sdk_noise_array
                0x3ffea790                sdk_tx_pwctrl_atten_init
 *fill*         0x3ffea79b        0x1 
 .bss           0x3ffea79c        0x6 ./build/sdklib/libphy.a(phy_chip_v6_cal.o)
                0x3ffea79c                sdk_loop_pwctrl_pwdet_error_accum_high_power
                0x3ffea79e                sdk_tx_pwctrl_pk_num
                0x3ffea79f                sdk_loop_pwctrl_correct_atten_high_power
                0x3ffea7a0                sdk_tx_pwctrl_set_chan_flag
                0x3ffea7a1                sdk_rxiq_cover_fail_num
 *fill*         0x3ffea7a2        0x2 
 .bss           0x3ffea7a4        0x4 ./build/sdklib/libphy.a(phy_sleep.o)
                0x3ffea7a4                sdk_periodic_cal_sat
                0x3ffea7a5                sdk_software_slp_reject
                0x3ffea7a6                sdk_SDIO_slp_reject
                0x3ffea7a7                sdk_hardware_reject
 *fill*         0x3ffea7a8        0x8 
 .bss           0x3ffea7b0     0x11e8 ./build/sdklib/libpp.a(esf_buf.o)
 *fill*         0x3ffeb998        0x8 
 .bss           0x3ffeb9a0       0x30 ./build/sdklib/libpp.a(if_hwctrl.o)
                0x3ffeb9a0                sdk_interface_mask
                0x3ffeb9b0                sdk_if_ctrl
 .bss           0x3ffeb9d0      0x150 ./build/sdklib/libpp.a(lmac.o)
                0x3ffeb9d4                sdk_lmacConfMib
 .bss           0x3ffebb20      0x149 ./build/sdklib/libpp.a(pm.o)
 *fill*         0x3ffebc69        0x7 
 .bss           0x3ffebc70      0x352 ./build/sdklib/libpp.a(pp.o)
                0x3ffebc98                sdk_pend_flag_noise_check
                0x3ffebca0                sdk_pend_flag_periodic_cal
                0x3ffebcc4                sdk_dbg_stop_sw_wdt
                0x3ffebcc5                sdk_dbg_stop_hw_wdt
 *fill*         0x3ffebfc2        0xe 
 .bss           0x3ffebfd0      0x100 ./build/sdklib/libpp.a(rate_control.o)
 .bss           0x3ffec0d0      0x268 ./build/sdklib/libpp.a(trc.o)
 *fill*         0x3ffec338        0x8 
 .bss           0x3ffec340     0x4721 ./build/sdklib/libpp.a(wdev.o)
                0x3ffec340                sdk_wDevCtrl
                0x3ffec4e4                sdk_NMIIrqIsOn
                0x3ffec4e8                sdk_WdevTimOffSet
 *fill*         0x3fff0a61        0xf 
 .bss           0x3fff0a70      0x27a ./build/sdklib/libwpa.a(wpa.o)
 *fill*         0x3fff0cea        0x6 
 .bss           0x3fff0cf0       0xb0 ./build/sdklib/libwpa.a(aes-internal-dec.o)
 .bss           0x3fff0da0        0x8 ./build/sdklib/libnet80211.a(ieee80211_crypto_tkip.o)
 *(.bss.*)
 .bss.task_handle
                0x3fff0da8        0x4 ./build/open_esplibs_libmain.a(ets_timer.o)
 .bss.timer_list
                0x3fff0dac        0x4 ./build/open_esplibs_libmain.a(ets_timer.o)
 .bss.armed_timer_count
                0x3fff0db0        0x1 ./build/open_esplibs_libmain.a(timers.o)
 *fill*         0x3fff0db1        0x3 
 .bss.timer_list
                0x3fff0db4        0x4 ./build/open_esplibs_libmain.a(timers.o)
 .bss.hostap_timer_parg
                0x3fff0db8        0x4 ./build/open_esplibs_libnet80211.a(ieee80211_hostap.o)
 .bss.hostap_timer
                0x3fff0dbc       0x1c ./build/open_esplibs_libnet80211.a(ieee80211_hostap.o)
 .bss.hostap_flags
                0x3fff0dd8        0x1 ./build/open_esplibs_libnet80211.a(ieee80211_hostap.o)
 *fill*         0x3fff0dd9        0x3 
 .bss.pp_zeros  0x3fff0ddc       0x20 ./build/open_esplibs_libpp.a(pp.o)
 .bss.uxSchedulerSuspended
                0x3fff0dfc        0x4 ./build/freertos.a(tasks.o)
 .bss.xIdleTaskHandle
                0x3fff0e00        0x4 ./build/freertos.a(tasks.o)
 .bss.xNextTaskUnblockTime
                0x3fff0e04        0x4 ./build/freertos.a(tasks.o)
 .bss.uxTaskNumber
                0x3fff0e08        0x4 ./build/freertos.a(tasks.o)
 .bss.xNumOfOverflows
                0x3fff0e0c        0x4 ./build/freertos.a(tasks.o)
 .bss.xYieldPending
                0x3fff0e10        0x4 ./build/freertos.a(tasks.o)
 .bss.uxPendedTicks
                0x3fff0e14        0x4 ./build/freertos.a(tasks.o)
 .bss.xSchedulerRunning
                0x3fff0e18        0x4 ./build/freertos.a(tasks.o)
 .bss.uxTopReadyPriority
                0x3fff0e1c        0x4 ./build/freertos.a(tasks.o)
 .bss.xTickCount
                0x3fff0e20        0x4 ./build/freertos.a(tasks.o)
 .bss.uxCurrentNumberOfTasks
                0x3fff0e24        0x4 ./build/freertos.a(tasks.o)
 .bss.xSuspendedTaskList
                0x3fff0e28       0x14 ./build/freertos.a(tasks.o)
 .bss.uxDeletedTasksWaitingCleanUp
                0x3fff0e3c        0x4 ./build/freertos.a(tasks.o)
 .bss.xTasksWaitingTermination
                0x3fff0e40       0x14 ./build/freertos.a(tasks.o)
 .bss.xPendingReadyList
                0x3fff0e54       0x14 ./build/freertos.a(tasks.o)
 .bss.pxOverflowDelayedTaskList
                0x3fff0e68        0x4 ./build/freertos.a(tasks.o)
 .bss.pxDelayedTaskList
                0x3fff0e6c        0x4 ./build/freertos.a(tasks.o)
 .bss.xDelayedTaskList2
                0x3fff0e70       0x14 ./build/freertos.a(tasks.o)
 .bss.xDelayedTaskList1
                0x3fff0e84       0x14 ./build/freertos.a(tasks.o)
 .bss.pxReadyTasksLists
                0x3fff0e98      0x12c ./build/freertos.a(tasks.o)
 .bss.pxCurrentTCB
                0x3fff0fc4        0x4 ./build/freertos.a(tasks.o)
                0x3fff0fc4                pxCurrentTCB
 .bss.xLastTime$3507
                0x3fff0fc8        0x4 ./build/freertos.a(timers.o)
 .bss.xTimerTaskHandle
                0x3fff0fcc        0x4 ./build/freertos.a(timers.o)
 .bss.xTimerQueue
                0x3fff0fd0        0x4 ./build/freertos.a(timers.o)
 .bss.pxOverflowTimerList
                0x3fff0fd4        0x4 ./build/freertos.a(timers.o)
 .bss.pxCurrentTimerList
                0x3fff0fd8        0x4 ./build/freertos.a(timers.o)
 .bss.xActiveTimerList2
                0x3fff0fdc       0x14 ./build/freertos.a(timers.o)
 .bss.xActiveTimerList1
                0x3fff0ff0       0x14 ./build/freertos.a(timers.o)
 .bss.uxCriticalNesting
                0x3fff1004        0x4 ./build/freertos.a(port.o)
 .bss.pending_maclayer_sv
                0x3fff1008        0x4 ./build/freertos.a(port.o)
 .bss.pending_soft_sv
                0x3fff100c        0x4 ./build/freertos.a(port.o)
 .bss.critical_nesting
                0x3fff1010        0x4 ./build/lwip.a(sys_arch.o)
 .bss.mbox      0x3fff1014        0x4 ./build/lwip.a(tcpip.o)
 .bss.tcpip_init_done_arg
                0x3fff1018        0x4 ./build/lwip.a(tcpip.o)
 .bss.tcpip_init_done
                0x3fff101c        0x4 ./build/lwip.a(tcpip.o)
 .bss.netif_num
                0x3fff1020        0x1 ./build/lwip.a(netif.o)
 .bss.tcp_timer_ctr
                0x3fff1021        0x1 ./build/lwip.a(tcp.o)
 .bss.tcp_timer
                0x3fff1022        0x1 ./build/lwip.a(tcp.o)
 *fill*         0x3fff1023        0x1 
 .bss.recv_data
                0x3fff1024        0x4 ./build/lwip.a(tcp_in.o)
 .bss.recv_flags
                0x3fff1028        0x1 ./build/lwip.a(tcp_in.o)
 .bss.flags     0x3fff1029        0x1 ./build/lwip.a(tcp_in.o)
 .bss.tcplen    0x3fff102a        0x2 ./build/lwip.a(tcp_in.o)
 .bss.recv_acked
                0x3fff102c        0x2 ./build/lwip.a(tcp_in.o)
 *fill*         0x3fff102e        0x2 
 .bss.ackno     0x3fff1030        0x4 ./build/lwip.a(tcp_in.o)
 .bss.seqno     0x3fff1034        0x4 ./build/lwip.a(tcp_in.o)
 .bss.tcp_optidx
                0x3fff1038        0x2 ./build/lwip.a(tcp_in.o)
 *fill*         0x3fff103a        0x2 
 .bss.tcphdr_opt2
                0x3fff103c        0x4 ./build/lwip.a(tcp_in.o)
 .bss.tcphdr_opt1len
                0x3fff1040        0x2 ./build/lwip.a(tcp_in.o)
 .bss.tcphdr_optlen
                0x3fff1042        0x2 ./build/lwip.a(tcp_in.o)
 .bss.tcphdr    0x3fff1044        0x4 ./build/lwip.a(tcp_in.o)
 .bss.inseg     0x3fff1048       0x10 ./build/lwip.a(tcp_in.o)
 .bss.tcpip_tcp_timer_active
                0x3fff1058        0x4 ./build/lwip.a(timeouts.o)
 .bss.timeouts_last_time
                0x3fff105c        0x4 ./build/lwip.a(timeouts.o)
 .bss.next_timeout
                0x3fff1060        0x4 ./build/lwip.a(timeouts.o)
 .bss.xid$4494  0x3fff1064        0x4 ./build/lwip.a(dhcp.o)
 .bss.dhcp_pcb_refcount
                0x3fff1068        0x1 ./build/lwip.a(dhcp.o)
 *fill*         0x3fff1069        0x3 
 .bss.dhcp_pcb  0x3fff106c        0x4 ./build/lwip.a(dhcp.o)
 .bss.etharp_cached_entry
                0x3fff1070        0x1 ./build/lwip.a(etharp.o)
 *fill*         0x3fff1071        0x3 
 .bss.arp_table
                0x3fff1074       0xf0 ./build/lwip.a(etharp.o)
 .bss.allrouters
                0x3fff1164        0x4 ./build/lwip.a(igmp.o)
 .bss.allsystems
                0x3fff1168        0x4 ./build/lwip.a(igmp.o)
 .bss.ip4_default_multicast_netif
                0x3fff116c        0x4 ./build/lwip.a(ip4.o)
 .bss.ip_id     0x3fff1170        0x2 ./build/lwip.a(ip4.o)
 .bss.ip_reass_pbufcount
                0x3fff1172        0x2 ./build/lwip.a(ip4_frag.o)
 .bss.reassdatagrams
                0x3fff1174        0x4 ./build/lwip.a(ip4_frag.o)
 .bss.dns_servers
                0x3fff1178        0x8 ./build/lwip.a(dns.o)
 .bss.dns_requests
                0x3fff1180        0xc ./build/lwip.a(dns.o)
 .bss.dns_table
                0x3fff118c       0x94 ./build/lwip.a(dns.o)
 .bss.dns_pcbs  0x3fff1220        0x4 ./build/lwip.a(dns.o)
 .bss.user_exception_handler
                0x3fff1224        0x4 ./build/core.a(debug_dumps.o)
 .bss.heap_end$4955
                0x3fff1228        0x4 ./build/core.a(newlib_syscalls.o)
 .bss.locks_initialized
                0x3fff122c        0x4 ./build/core.a(newlib_syscalls.o)
 .bss._sysparam_info
                0x3fff1230       0x18 ./build/core.a(sysparam.o)
 .bss.i2c_bus   0x3fff1248       0x20 ./build/i2c.a(i2c.o)
 .bss.freq      0x3fff1268        0x1 ./build/i2c.a(i2c.o)
 *fill*         0x3fff1269        0x3 
 .bss.sockets   0x3fff126c       0xc0 ./build/lwip.a(sockets.o)
 *(.gnu.linkonce.b.*)
 *(COMMON)
 COMMON         0x3fff132c        0x4 ./build/open_esplibs_libmain.a(misc.o)
                0x3fff132c                sdk__putc1
 COMMON         0x3fff1330       0x28 ./build/open_esplibs_libmain.a(user_interface.o)
                0x3fff1330                sdk_cpu_overclock
                0x3fff1334                sdk_rst_if
                0x3fff1354                sdk_promiscuous_cb
 COMMON         0x3fff1358        0xc ./build/freertos.a(port.o)
                0x3fff1358                level1_int_disabled
                0x3fff135c                cpu_sr
                0x3fff1360                xPortSupervisorStackPointer
 COMMON         0x3fff1364        0x4 ./build/lwip.a(esp_interface.o)
                0x3fff1364                pp_rx_pool_usage
 COMMON         0x3fff1368        0xc ./build/lwip.a(sys_arch.o)
                0x3fff1368                lwip_tcpip_thread
                0x3fff136c                lwip_core_lock_count
                0x3fff1370                lwip_core_lock_holder_thread
 COMMON         0x3fff1374        0x4 ./build/lwip.a(tcpip.o)
                0x3fff1374                lock_tcpip_core
 COMMON         0x3fff1378        0x8 ./build/lwip.a(netif.o)
                0x3fff1378                netif_list
                0x3fff137c                netif_default
 COMMON         0x3fff1380        0x1 ./build/lwip.a(pbuf.o)
                0x3fff1380                pbuf_free_ooseq_pending
 *fill*         0x3fff1381        0x3 
 COMMON         0x3fff1384       0x18 ./build/lwip.a(tcp.o)
                0x3fff1384                tcp_active_pcbs_changed
                0x3fff1388                tcp_active_pcbs
                0x3fff138c                tcp_ticks
                0x3fff1390                tcp_listen_pcbs
                0x3fff1394                tcp_bound_pcbs
                0x3fff1398                tcp_tw_pcbs
 COMMON         0x3fff139c        0x4 ./build/lwip.a(tcp_in.o)
                0x3fff139c                tcp_input_pcb
 COMMON         0x3fff13a0        0x4 ./build/lwip.a(udp.o)
                0x3fff13a0                udp_pcbs
 COMMON         0x3fff13a4       0x34 ./build/lwip.a(dhcp.o)
                0x3fff13a4                dhcp_rx_options_given
                0x3fff13b0                dhcp_rx_options_val
 COMMON         0x3fff13d8       0x18 ./build/lwip.a(ip.o)
                0x3fff13d8                ip_data
 COMMON         0x3fff13f0       0x2d ./build/core.a(app_main.o)
                0x3fff13f0                sdk_info
                0x3fff1414                sdk_xWatchDogTaskHandle
                0x3fff1418                sdk_xUserTaskHandle
                0x3fff141c                sdk_user_init_flag
 *fill*         0x3fff141d        0x3 
 COMMON         0x3fff1420       0x81 ./build/core.a(esp_interrupts.o)
                0x3fff1420                isr
                0x3fff14a0                esp_in_isr
 *fill*         0x3fff14a1        0x3 
 COMMON         0x3fff14a4       0x90 ./build/lwip.a(sockets.o)
                0x3fff14a4                socket_ipv4_multicast_memberships
                0x3fff1538                . = ALIGN (0x8)
 *fill*         0x3fff1534        0x4 
                0x3fff1538                _bss_end = ABSOLUTE (.)
                0x3fff1538                _heap_start = ABSOLUTE (.)

.irom0.text     0x40202010    0x37128
                0x40202010                _irom0_text_start = ABSOLUTE (.)
 *(.literal .text .literal.* .text.* .rodata .rodata.*)
 .text.add_pending_timer
                0x40202010       0x9c ./build/open_esplibs_libmain.a(ets_timer.o)
 .text.timer_task
                0x402020ac       0xb9 ./build/open_esplibs_libmain.a(ets_timer.o)
                                 0xd5 (size before relaxing)
 *fill*         0x40202165        0x3 
 .text.sdk_ets_timer_arm_ms_us
                0x40202168       0x69 ./build/open_esplibs_libmain.a(ets_timer.o)
                                 0x7d (size before relaxing)
                0x40202170                sdk_ets_timer_arm_ms_us
 *fill*         0x402021d1        0x3 
 .text.sdk_ets_timer_arm
                0x402021d4       0x17 ./build/open_esplibs_libmain.a(ets_timer.o)
                                 0x1b (size before relaxing)
                0x402021d4                sdk_ets_timer_arm
 *fill*         0x402021eb        0x1 
 .text.sdk_ets_timer_disarm
                0x402021ec       0x50 ./build/open_esplibs_libmain.a(ets_timer.o)
                                 0x5c (size before relaxing)
                0x402021ec                sdk_ets_timer_disarm
 .text.sdk_ets_timer_init
                0x4020223c       0xa8 ./build/open_esplibs_libmain.a(ets_timer.o)
                                 0xb8 (size before relaxing)
                0x40202258                sdk_ets_timer_init
 .text.sdk_os_update_cpu_frequency
                0x402022e4        0xb ./build/open_esplibs_libmain.a(misc.o)
                0x402022e8                sdk_os_update_cpu_frequency
                0x402022e8                sdk_ets_update_cpu_frequency
 *fill*         0x402022ef        0x1 
 .text.sdk_os_delay_us
                0x402022f0       0x33 ./build/open_esplibs_libmain.a(misc.o)
                                 0x3f (size before relaxing)
                0x402022f0                sdk_os_delay_us
                0x402022f0                sdk_ets_delay_us
 *fill*         0x40202323        0x1 
 .text.sdk_os_install_putc1
                0x40202324        0xb ./build/open_esplibs_libmain.a(misc.o)
                0x40202328                sdk_os_install_putc1
 *fill*         0x4020232f        0x1 
 .text.sdk_gpio_output_set
                0x40202330       0x1d ./build/open_esplibs_libmain.a(misc.o)
                0x40202334                sdk_gpio_output_set
 *fill*         0x4020234d        0x3 
 .text.sdk_rtc_get_reset_reason
                0x40202350       0x4a ./build/open_esplibs_libmain.a(misc.o)
                0x40202358                sdk_rtc_get_reset_reason
 *fill*         0x4020239a        0x2 
 .text.timer_tramp
                0x4020239c       0x17 ./build/open_esplibs_libmain.a(timers.o)
                                 0x1f (size before relaxing)
 *fill*         0x402023b3        0x1 
 .text.sdk_os_timer_setfn
                0x402023b4       0xac ./build/open_esplibs_libmain.a(timers.o)
                                 0xb8 (size before relaxing)
                0x402023c4                sdk_os_timer_setfn
 .text.sdk_os_timer_arm
                0x40202460       0xac ./build/open_esplibs_libmain.a(timers.o)
                                 0xd4 (size before relaxing)
                0x4020246c                sdk_os_timer_arm
 .text.sdk_os_timer_disarm
                0x4020250c       0x27 ./build/open_esplibs_libmain.a(timers.o)
                                 0x37 (size before relaxing)
                0x40202510                sdk_os_timer_disarm
 *fill*         0x40202533        0x1 
 .text._check_boot_version
                0x40202534       0x3a ./build/open_esplibs_libmain.a(user_interface.o)
                                 0x3e (size before relaxing)
 *fill*         0x4020256e        0x2 
 .text.sdk_system_pp_recycle_rx_pkt
                0x40202570        0xf ./build/open_esplibs_libmain.a(user_interface.o)
                                 0x17 (size before relaxing)
                0x40202570                sdk_system_pp_recycle_rx_pkt
 *fill*         0x4020257f        0x1 
 .text.sdk_system_restart
                0x40202580       0x53 ./build/open_esplibs_libmain.a(user_interface.o)
                                 0x7b (size before relaxing)
                0x4020258c                sdk_system_restart
 *fill*         0x402025d3        0x1 
 .text.sdk_system_get_boot_version
                0x402025d4        0xe ./build/open_esplibs_libmain.a(user_interface.o)
                                 0x12 (size before relaxing)
                0x402025d4                sdk_system_get_boot_version
 *fill*         0x402025e2        0x2 
 .text.sdk_system_get_test_result
                0x402025e4       0x22 ./build/open_esplibs_libmain.a(user_interface.o)
                                 0x2e (size before relaxing)
                0x402025e4                sdk_system_get_test_result
 *fill*         0x40202606        0x2 
 .text.sdk_system_upgrade_userbin_check
                0x40202608       0x40 ./build/open_esplibs_libmain.a(user_interface.o)
                                 0x44 (size before relaxing)
                0x40202608                sdk_system_upgrade_userbin_check
 .text.sdk_system_get_userbin_addr
                0x40202648       0x96 ./build/open_esplibs_libmain.a(user_interface.o)
                                 0x9e (size before relaxing)
                0x40202658                sdk_system_get_userbin_addr
 *fill*         0x402026de        0x2 
 .text.sdk_system_update_cpu_freq
                0x402026e0       0x5d ./build/open_esplibs_libmain.a(user_interface.o)
                                 0x69 (size before relaxing)
                0x402026e0                sdk_system_update_cpu_freq
 *fill*         0x4020273d        0x3 
 .text.sdk_system_get_cpu_freq
                0x40202740       0x1a ./build/open_esplibs_libmain.a(user_interface.o)
                0x40202744                sdk_system_get_cpu_freq
 *fill*         0x4020275a        0x2 
 .text.sdk_system_overclock
                0x4020275c       0x31 ./build/open_esplibs_libmain.a(user_interface.o)
                                 0x3d (size before relaxing)
                0x40202760                sdk_system_overclock
 *fill*         0x4020278d        0x3 
 .text.sdk_system_restoreclock
                0x40202790       0x33 ./build/open_esplibs_libmain.a(user_interface.o)
                                 0x43 (size before relaxing)
                0x40202790                sdk_system_restoreclock
 *fill*         0x402027c3        0x1 
 .text.sdk_system_station_got_ip_set
                0x402027c4       0x8d ./build/open_esplibs_libmain.a(user_interface.o)
                                 0xa9 (size before relaxing)
                0x402027cc                sdk_system_station_got_ip_set
 *fill*         0x40202851        0x3 
 .text.sdk_wifi_get_macaddr
                0x40202854       0x67 ./build/open_esplibs_libmain.a(user_interface.o)
                                 0x73 (size before relaxing)
                0x4020285c                sdk_wifi_get_macaddr
 *fill*         0x402028bb        0x1 
 .text.sdk_ieee80211_hostap_attach
                0x402028bc      0x19d ./build/open_esplibs_libnet80211.a(ieee80211_hostap.o)
                                0x1fd (size before relaxing)
                0x402028e0                sdk_ieee80211_hostap_attach
 *fill*         0x40202a59        0x3 
 .text.sdk_wifi_softap_start
                0x40202a5c      0x180 ./build/open_esplibs_libnet80211.a(ieee80211_hostap.o)
                                0x1d8 (size before relaxing)
                0x40202a84                sdk_wifi_softap_start
 .text.sdk_wifi_softap_stop
                0x40202bdc      0x145 ./build/open_esplibs_libnet80211.a(ieee80211_hostap.o)
                                0x1c1 (size before relaxing)
                0x40202be0                sdk_wifi_softap_stop
 *fill*         0x40202d21        0x3 
 .text.sdk_sta_status_set
                0x40202d24       0x42 ./build/open_esplibs_libnet80211.a(ieee80211_sta.o)
                                 0x46 (size before relaxing)
                0x40202d24                sdk_sta_status_set
 *fill*         0x40202d66        0x2 
 .text.sdk_wifi_station_start
                0x40202d68       0xb5 ./build/open_esplibs_libnet80211.a(ieee80211_sta.o)
                                 0xed (size before relaxing)
                0x40202d78                sdk_wifi_station_start
 *fill*         0x40202e1d        0x3 
 .text.sdk_wifi_station_stop
                0x40202e20       0x4b ./build/open_esplibs_libnet80211.a(ieee80211_sta.o)
                                 0x5b (size before relaxing)
                0x40202e20                sdk_wifi_station_stop
 *fill*         0x40202e6b        0x1 
 .text.dhcp_if_down
                0x40202e6c       0x23 ./build/open_esplibs_libnet80211.a(wl_cnx.o)
                                 0x3f (size before relaxing)
                0x40202e6c                dhcp_if_down
 *fill*         0x40202e8f        0x1 
 .text.sdk_cnx_rc_search
                0x40202e90       0x62 ./build/open_esplibs_libnet80211.a(wl_cnx.o)
                                 0x66 (size before relaxing)
                0x40202e94                sdk_cnx_rc_search
 *fill*         0x40202ef2        0x2 
 .text.sdk_cnx_add_rc
                0x40202ef4       0x7c ./build/open_esplibs_libnet80211.a(wl_cnx.o)
                                 0x80 (size before relaxing)
                0x40202ef4                sdk_cnx_add_rc
 .text.sdk_cnx_remove_rc
                0x40202f70       0x9b ./build/open_esplibs_libnet80211.a(wl_cnx.o)
                                 0x9f (size before relaxing)
                0x40202f74                sdk_cnx_remove_rc
 *fill*         0x4020300b        0x1 
 .text.sdk_cnx_node_remove
                0x4020300c       0x7c ./build/open_esplibs_libnet80211.a(wl_cnx.o)
                                 0x98 (size before relaxing)
                0x4020300c                sdk_cnx_node_remove
 .text.sdk_cnx_node_search
                0x40203088       0x66 ./build/open_esplibs_libnet80211.a(wl_cnx.o)
                                 0x6e (size before relaxing)
                0x40203088                sdk_cnx_node_search
 *fill*         0x402030ee        0x2 
 .text._ppz20   0x402030f0        0x9 ./build/open_esplibs_libpp.a(pp.o)
                0x402030f4                _ppz20
 *fill*         0x402030f9        0x3 
 .text.sdk_wpa_config_assoc_ie
                0x402030fc       0x17 ./build/open_esplibs_libwpa.a(wpa_main.o)
                                 0x1b (size before relaxing)
                0x402030fc                sdk_wpa_config_assoc_ie
 *fill*         0x40203113        0x1 
 .text.sdk_dhcp_bind_check
                0x40203114       0x22 ./build/open_esplibs_libwpa.a(wpa_main.o)
                                 0x26 (size before relaxing)
                0x40203114                sdk_dhcp_bind_check
 *fill*         0x40203136        0x2 
 .text.wpa_callback2
                0x40203138       0x33 ./build/open_esplibs_libwpa.a(wpa_main.o)
                                 0x47 (size before relaxing)
 *fill*         0x4020316b        0x1 
 .text.wpa_callback1
                0x4020316c       0x1b ./build/open_esplibs_libwpa.a(wpa_main.o)
                                 0x23 (size before relaxing)
 *fill*         0x40203187        0x1 
 .text.sdk_wpa_config_profile
                0x40203188       0x49 ./build/open_esplibs_libwpa.a(wpa_main.o)
                                 0x58 (size before relaxing)
                0x40203188                sdk_wpa_config_profile
 *fill*         0x402031d1        0x3 
 .text.sdk_wpa_config_bss
                0x402031d4       0x2f ./build/open_esplibs_libwpa.a(wpa_main.o)
                                 0x37 (size before relaxing)
                0x402031d4                sdk_wpa_config_bss
 *fill*         0x40203203        0x1 
 .text.sdk_eagle_auth_done
                0x40203204      0x109 ./build/open_esplibs_libwpa.a(wpa_main.o)
                                0x18c (size before relaxing)
                0x40203228                sdk_eagle_auth_done
 *fill*         0x4020330d        0x3 
 .text.sdk_wpa_neg_complete
                0x40203310        0xf ./build/open_esplibs_libwpa.a(wpa_main.o)
                                 0x17 (size before relaxing)
                0x40203310                sdk_wpa_neg_complete
 *fill*         0x4020331f        0x1 
 .text.sdk_wpa_attach
                0x40203320       0x4f ./build/open_esplibs_libwpa.a(wpa_main.o)
                                 0x5f (size before relaxing)
                0x40203338                sdk_wpa_attach
 *fill*         0x4020336f        0x1 
 .text.prvResetNextTaskUnblockTime
                0x40203370       0x39 ./build/freertos.a(tasks.o)
 *fill*         0x402033a9        0x3 
 .text.prvAddCurrentTaskToDelayedList
                0x402033ac       0xa4 ./build/freertos.a(tasks.o)
                                 0xc4 (size before relaxing)
 .text.prvIdleTask
                0x40203450       0x97 ./build/freertos.a(tasks.o)
                                 0xb3 (size before relaxing)
 *fill*         0x402034e7        0x1 
 .text.xTaskCreate
                0x402034e8      0x23b ./build/freertos.a(tasks.o)
                                0x2bf (size before relaxing)
                0x40203510                xTaskCreate
 *fill*         0x40203723        0x1 
 .text.vTaskDelete
                0x40203724       0xd1 ./build/freertos.a(tasks.o)
                                0x121 (size before relaxing)
                0x4020372c                vTaskDelete
 *fill*         0x402037f5        0x3 
 .text.vTaskStartScheduler
                0x402037f8       0xa0 ./build/freertos.a(tasks.o)
                                 0xd3 (size before relaxing)
                0x40203810                vTaskStartScheduler
 *fill*         0x40203898        0x0 
 .text.vTaskSuspendAll
                0x40203898       0x11 ./build/freertos.a(tasks.o)
                                 0x15 (size before relaxing)
                0x40203898                vTaskSuspendAll
 *fill*         0x402038a9        0x3 
 .text.xTaskGetTickCount
                0x402038ac       0x27 ./build/freertos.a(tasks.o)
                                 0x33 (size before relaxing)
                0x402038ac                xTaskGetTickCount
 *fill*         0x402038d3        0x1 
 .text.xTaskIncrementTick
                0x402038d4      0x194 ./build/freertos.a(tasks.o)
                                0x1cc (size before relaxing)
                0x402038e4                xTaskIncrementTick
 .text.xTaskResumeAll
                0x40203a68      0x105 ./build/freertos.a(tasks.o)
                                0x15d (size before relaxing)
                0x40203a6c                xTaskResumeAll
 *fill*         0x40203b6d        0x3 
 .text.vTaskDelay
                0x40203b70       0x50 ./build/freertos.a(tasks.o)
                                 0x74 (size before relaxing)
                0x40203b70                vTaskDelay
 .text.vTaskSwitchContext
                0x40203bc0       0xea ./build/freertos.a(tasks.o)
                                0x10a (size before relaxing)
                0x40203bcc                vTaskSwitchContext
 *fill*         0x40203caa        0x2 
 .text.vTaskPlaceOnEventList
                0x40203cac       0x41 ./build/freertos.a(tasks.o)
                                 0x5d (size before relaxing)
                0x40203cb0                vTaskPlaceOnEventList
 *fill*         0x40203ced        0x3 
 .text.vTaskPlaceOnEventListRestricted
                0x40203cf0       0x4a ./build/freertos.a(tasks.o)
                                 0x66 (size before relaxing)
                0x40203cf4                vTaskPlaceOnEventListRestricted
 *fill*         0x40203d3a        0x2 
 .text.xTaskRemoveFromEventList
                0x40203d3c       0x87 ./build/freertos.a(tasks.o)
                                 0xcb (size before relaxing)
                0x40203d40                xTaskRemoveFromEventList
 *fill*         0x40203dc3        0x1 
 .text.vTaskInternalSetTimeOutState
                0x40203dc4       0x16 ./build/freertos.a(tasks.o)
                                 0x1e (size before relaxing)
                0x40203dc4                vTaskInternalSetTimeOutState
 *fill*         0x40203dda        0x2 
 .text.xTaskCheckForTimeOut
                0x40203ddc       0x99 ./build/freertos.a(tasks.o)
                                 0xb9 (size before relaxing)
                0x40203de4                xTaskCheckForTimeOut
 *fill*         0x40203e75        0x3 
 .text.vTaskMissedYield
                0x40203e78        0xc ./build/freertos.a(tasks.o)
                                 0x10 (size before relaxing)
                0x40203e78                vTaskMissedYield
 .text.uxTaskGetStackHighWaterMark
                0x40203e84       0x2c ./build/freertos.a(tasks.o)
                                 0x30 (size before relaxing)
                0x40203e84                uxTaskGetStackHighWaterMark
 .text.xTaskGetCurrentTaskHandle
                0x40203eb0        0xa ./build/freertos.a(tasks.o)
                                  0xe (size before relaxing)
                0x40203eb0                xTaskGetCurrentTaskHandle
 *fill*         0x40203eba        0x2 
 .text.xTaskGetSchedulerState
                0x40203ebc       0x1e ./build/freertos.a(tasks.o)
                                 0x26 (size before relaxing)
                0x40203ebc                xTaskGetSchedulerState
 *fill*         0x40203eda        0x2 
 .text.xTaskPriorityInherit
                0x40203edc       0xad ./build/freertos.a(tasks.o)
                                 0xc5 (size before relaxing)
                0x40203edc                xTaskPriorityInherit
 *fill*         0x40203f89        0x3 
 .text.xTaskPriorityDisinherit
                0x40203f8c       0x92 ./build/freertos.a(tasks.o)
                                 0xba (size before relaxing)
                0x40203f94                xTaskPriorityDisinherit
 *fill*         0x4020401e        0x2 
 .text.vTaskPriorityDisinheritAfterTimeout
                0x40204020       0xb3 ./build/freertos.a(tasks.o)
                                 0xd3 (size before relaxing)
                0x40204028                vTaskPriorityDisinheritAfterTimeout
 *fill*         0x402040d3        0x1 
 .text.pvTaskIncrementMutexHeldCount
                0x402040d4       0x1f ./build/freertos.a(tasks.o)
                                 0x23 (size before relaxing)
                0x402040d4                pvTaskIncrementMutexHeldCount
 *fill*         0x402040f3        0x1 
 .text.xTaskNotifyWait
                0x402040f4       0xdf ./build/freertos.a(tasks.o)
                                 0xff (size before relaxing)
                0x402040f4                xTaskNotifyWait
 *fill*         0x402041d3        0x1 
 .text.xTaskGenericNotifyFromISR
                0x402041d4      0x139 ./build/freertos.a(tasks.o)
                                0x17d (size before relaxing)
                0x402041e0                xTaskGenericNotifyFromISR
 *fill*         0x4020430d        0x3 
 .text.prvCheckForValidListAndQueue
                0x40204310       0x69 ./build/freertos.a(timers.o)
                                 0x89 (size before relaxing)
 *fill*         0x40204379        0x3 
 .text.prvInsertTimerInActiveList
                0x4020437c       0x45 ./build/freertos.a(timers.o)
                                 0x59 (size before relaxing)
 *fill*         0x402043c1        0x3 
 .text.xTimerCreateTimerTask
                0x402043c4       0x49 ./build/freertos.a(timers.o)
                                 0x61 (size before relaxing)
                0x402043d4                xTimerCreateTimerTask
 *fill*         0x4020440d        0x3 
 .text.xTimerCreate
                0x40204410       0x59 ./build/freertos.a(timers.o)
                                 0x75 (size before relaxing)
                0x40204410                xTimerCreate
 *fill*         0x40204469        0x3 
 .text.xTimerGenericCommand
                0x4020446c       0x7f ./build/freertos.a(timers.o)
                                 0x9f (size before relaxing)
                0x4020446c                xTimerGenericCommand
 *fill*         0x402044eb        0x1 
 .text.prvSwitchTimerLists
                0x402044ec       0x80 ./build/freertos.a(timers.o)
                                 0xa6 (size before relaxing)
 *fill*         0x4020456c        0x0 
 .text.prvTimerTask
                0x4020456c      0x1bb ./build/freertos.a(timers.o)
                                0x253 (size before relaxing)
 *fill*         0x40204727        0x1 
 .text.pvTimerGetTimerID
                0x40204728       0x2d ./build/freertos.a(timers.o)
                                 0x41 (size before relaxing)
                0x40204728                pvTimerGetTimerID
 *fill*         0x40204755        0x3 
 .text.vAssertCalled
                0x40204758       0x22 ./build/freertos.a(port.o)
                                 0x26 (size before relaxing)
                0x40204760                vAssertCalled
 *fill*         0x4020477a        0x2 
 .text.pxPortInitialiseStack
                0x4020477c       0x37 ./build/freertos.a(port.o)
                0x40204780                pxPortInitialiseStack
 *fill*         0x402047b3        0x1 
 .text.xPortSysTickHandle
                0x402047b4       0x14 ./build/freertos.a(port.o)
                                 0x23 (size before relaxing)
                0x402047b4                xPortSysTickHandle
 *fill*         0x402047c8        0x0 
 .text.xPortStartScheduler
                0x402047c8       0x7e ./build/freertos.a(port.o)
                                 0x8e (size before relaxing)
                0x402047dc                xPortStartScheduler
 *fill*         0x40204846        0x2 
 .text.xPortGetFreeHeapSize
                0x40204848       0x28 ./build/freertos.a(port.o)
                                 0x38 (size before relaxing)
                0x40204848                xPortGetFreeHeapSize
 .text.xTaskGenericCreate
                0x40204870       0x15 ./build/freertos.a(port.o)
                                 0x19 (size before relaxing)
                0x40204870                xTaskGenericCreate
 *fill*         0x40204885        0x3 
 .text.xQueueGenericReceive
                0x40204888       0x1e ./build/freertos.a(port.o)
                                 0x2d (size before relaxing)
                0x4020488c                xQueueGenericReceive
 *fill*         0x402048a6        0x2 
 .text.prvCopyDataToQueue
                0x402048a8       0xa7 ./build/freertos.a(queue.o)
                                 0xb3 (size before relaxing)
 *fill*         0x4020494f        0x1 
 .text.prvCopyDataFromQueue
                0x40204950       0x2b ./build/freertos.a(queue.o)
                                 0x2f (size before relaxing)
 *fill*         0x4020497b        0x1 
 .text.prvUnlockQueue
                0x4020497c       0xc4 ./build/freertos.a(queue.o)
                                 0xec (size before relaxing)
 .text.xQueueGenericReset
                0x40204a40       0x91 ./build/freertos.a(queue.o)
                                 0xb5 (size before relaxing)
                0x40204a44                xQueueGenericReset
 *fill*         0x40204ad1        0x3 
 .text.xQueueGenericCreate
                0x40204ad4       0x6c ./build/freertos.a(queue.o)
                                 0x80 (size before relaxing)
                0x40204ad4                xQueueGenericCreate
 .text.xQueueGenericSend
                0x40204b40      0x183 ./build/freertos.a(queue.o)
                                0x21f (size before relaxing)
                0x40204b40                xQueueGenericSend
 *fill*         0x40204cc3        0x1 
 .text.xQueueCreateMutex
                0x40204cc4       0x31 ./build/freertos.a(queue.o)
                                 0x3d (size before relaxing)
                0x40204cc4                xQueueCreateMutex
 *fill*         0x40204cf5        0x3 
 .text.xQueueGiveMutexRecursive
                0x40204cf8       0x4b ./build/freertos.a(queue.o)
                                 0x5f (size before relaxing)
                0x40204cf8                xQueueGiveMutexRecursive
 *fill*         0x40204d43        0x1 
 .text.xQueueGenericSendFromISR
                0x40204d44       0xc3 ./build/freertos.a(queue.o)
                                 0xf3 (size before relaxing)
                0x40204d44                xQueueGenericSendFromISR
 *fill*         0x40204e07        0x1 
 .text.xQueueReceive
                0x40204e08      0x179 ./build/freertos.a(queue.o)
                                0x215 (size before relaxing)
                0x40204e08                xQueueReceive
 *fill*         0x40204f81        0x3 
 .text.xQueueSemaphoreTake
                0x40204f84      0x1d4 ./build/freertos.a(queue.o)
                                0x28c (size before relaxing)
                0x40204f84                xQueueSemaphoreTake
 .text.xQueueTakeMutexRecursive
                0x40205158       0x53 ./build/freertos.a(queue.o)
                                 0x63 (size before relaxing)
                0x40205158                xQueueTakeMutexRecursive
 *fill*         0x402051ab        0x1 
 .text.uxQueueMessagesWaiting
                0x402051ac       0x30 ./build/freertos.a(queue.o)
                                 0x44 (size before relaxing)
                0x402051ac                uxQueueMessagesWaiting
 .text.uxQueueMessagesWaitingFromISR
                0x402051dc       0x26 ./build/freertos.a(queue.o)
                                 0x2e (size before relaxing)
                0x402051dc                uxQueueMessagesWaitingFromISR
 *fill*         0x40205202        0x2 
 .text.vQueueDelete
                0x40205204       0x29 ./build/freertos.a(queue.o)
                                 0x35 (size before relaxing)
                0x40205204                vQueueDelete
 *fill*         0x4020522d        0x3 
 .text.vQueueWaitForMessageRestricted
                0x40205230       0x6f ./build/freertos.a(queue.o)
                                 0x7f (size before relaxing)
                0x40205230                vQueueWaitForMessageRestricted
 *fill*         0x4020529f        0x1 
 .text.low_level_output
                0x402052a0       0x5e ./build/lwip.a(esp_interface.o)
                                 0x7a (size before relaxing)
 *fill*         0x402052fe        0x2 
 .text.pp_recycle_rx_pbuf
                0x40205300       0x38 ./build/lwip.a(esp_interface.o)
                                 0x44 (size before relaxing)
                0x40205304                pp_recycle_rx_pbuf
 .text.ooseq_bytes_limit
                0x40205338        0x9 ./build/lwip.a(esp_interface.o)
                0x4020533c                ooseq_bytes_limit
 *fill*         0x40205341        0x3 
 .text.ooseq_pbufs_limit
                0x40205344       0x41 ./build/lwip.a(esp_interface.o)
                                 0x49 (size before relaxing)
                0x40205344                ooseq_pbufs_limit
 *fill*         0x40205385        0x3 
 .text.ethernetif_input
                0x40205388       0x87 ./build/lwip.a(esp_interface.o)
                                 0x9e (size before relaxing)
                0x40205394                ethernetif_input
 *fill*         0x4020540f        0x1 
 .text.sdk_pbuf_alloc
                0x40205410       0x33 ./build/lwip.a(esp_interface.o)
                                 0x3b (size before relaxing)
                0x40205410                sdk_pbuf_alloc
 *fill*         0x40205443        0x1 
 .text.ethernetif_init
                0x40205444       0x34 ./build/lwip.a(esp_interface.o)
                0x4020544c                ethernetif_init
 .text.sys_sem_free
                0x40205478       0x1e ./build/lwip.a(sys_arch.o)
                                 0x22 (size before relaxing)
                0x40205478                sys_sem_free
 *fill*         0x40205496        0x2 
 .text.sys_sem_signal
                0x40205498       0x17 ./build/lwip.a(sys_arch.o)
                                 0x1f (size before relaxing)
                0x40205498                sys_sem_signal
 *fill*         0x402054af        0x1 
 .text.sys_arch_sem_wait
                0x402054b0       0x4c ./build/lwip.a(sys_arch.o)
                                 0x58 (size before relaxing)
                0x402054b0                sys_arch_sem_wait
 .text.sys_mutex_new
                0x402054fc       0x2b ./build/lwip.a(sys_arch.o)
                                 0x2f (size before relaxing)
                0x402054fc                sys_mutex_new
 *fill*         0x40205527        0x1 
 .text.sys_mutex_lock
                0x40205528       0x20 ./build/lwip.a(sys_arch.o)
                                 0x24 (size before relaxing)
                0x40205528                sys_mutex_lock
 .text.sys_mutex_unlock
                0x40205548       0x14 ./build/lwip.a(sys_arch.o)
                                 0x18 (size before relaxing)
                0x40205548                sys_mutex_unlock
 .text.sys_mbox_new
                0x4020555c       0x2f ./build/lwip.a(sys_arch.o)
                                 0x33 (size before relaxing)
                0x4020555c                sys_mbox_new
 *fill*         0x4020558b        0x1 
 .text.sys_mbox_free
                0x4020558c       0x31 ./build/lwip.a(sys_arch.o)
                                 0x41 (size before relaxing)
                0x40205590                sys_mbox_free
 *fill*         0x402055bd        0x3 
 .text.sys_mbox_trypost
                0x402055c0       0x2b ./build/lwip.a(sys_arch.o)
                                 0x2f (size before relaxing)
                0x402055c0                sys_mbox_trypost
 *fill*         0x402055eb        0x1 
 .text.sys_arch_mbox_fetch
                0x402055ec       0x4c ./build/lwip.a(sys_arch.o)
                                 0x60 (size before relaxing)
                0x402055ec                sys_arch_mbox_fetch
 .text.sys_arch_mbox_tryfetch
                0x40205638       0x2f ./build/lwip.a(sys_arch.o)
                                 0x33 (size before relaxing)
                0x40205638                sys_arch_mbox_tryfetch
 *fill*         0x40205667        0x1 
 .text.sys_now  0x40205668       0x15 ./build/lwip.a(sys_arch.o)
                                 0x1d (size before relaxing)
                0x40205668                sys_now
 *fill*         0x4020567d        0x3 
 .text.sys_thread_new
                0x40205680       0x2a ./build/lwip.a(sys_arch.o)
                                 0x2e (size before relaxing)
                0x40205680                sys_thread_new
 *fill*         0x402056aa        0x2 
 .text.sys_arch_protect
                0x402056ac       0x20 ./build/lwip.a(sys_arch.o)
                                 0x24 (size before relaxing)
                0x402056b0                sys_arch_protect
 .text.sys_arch_unprotect
                0x402056cc       0x2d ./build/lwip.a(sys_arch.o)
                                 0x39 (size before relaxing)
                0x402056d0                sys_arch_unprotect
 *fill*         0x402056f9        0x3 
 .text.sys_lock_tcpip_core
                0x402056fc       0x3f ./build/lwip.a(sys_arch.o)
                                 0x4f (size before relaxing)
                0x40205704                sys_lock_tcpip_core
 *fill*         0x4020573b        0x1 
 .text.sys_unlock_tcpip_core
                0x4020573c       0x2b ./build/lwip.a(sys_arch.o)
                                 0x3f (size before relaxing)
                0x4020573c                sys_unlock_tcpip_core
 *fill*         0x40205767        0x1 
 .text.tcpip_thread
                0x40205768       0x8b ./build/lwip.a(tcpip.o)
                                 0xbb (size before relaxing)
 *fill*         0x402057f3        0x1 
 .text.tcpip_inpkt
                0x402057f4       0x5b ./build/lwip.a(tcpip.o)
                                 0x77 (size before relaxing)
                0x402057f4                tcpip_inpkt
 *fill*         0x4020584f        0x1 
 .text.tcpip_input
                0x40205850       0x34 ./build/lwip.a(tcpip.o)
                                 0x43 (size before relaxing)
                0x40205858                tcpip_input
 *fill*         0x40205884        0x0 
 .text.tcpip_try_callback
                0x40205884       0x4e ./build/lwip.a(tcpip.o)
                                 0x6a (size before relaxing)
                0x40205884                tcpip_try_callback
 *fill*         0x402058d2        0x2 
 .text.tcpip_send_msg_wait_sem
                0x402058d4       0x30 ./build/lwip.a(tcpip.o)
                                 0x44 (size before relaxing)
                0x402058d4                tcpip_send_msg_wait_sem
 .text.tcpip_init
                0x40205904       0x4c ./build/lwip.a(tcpip.o)
                                 0x78 (size before relaxing)
                0x4020590c                tcpip_init
 .text.lwip_htonl
                0x40205950       0x2b ./build/lwip.a(def.o)
                0x40205958                lwip_htonl
 *fill*         0x4020597b        0x1 
 .text.lwip_init
                0x4020597c       0x27 ./build/lwip.a(init.o)
                                 0x67 (size before relaxing)
                0x4020597c                lwip_init
 *fill*         0x402059a3        0x1 
 .text.mem_malloc
                0x402059a4       0x25 ./build/lwip.a(mem.o)
                                 0x35 (size before relaxing)
                0x402059a4                mem_malloc
 *fill*         0x402059c9        0x3 
 .text.mem_free
                0x402059cc       0x13 ./build/lwip.a(mem.o)
                                 0x17 (size before relaxing)
                0x402059cc                mem_free
 *fill*         0x402059df        0x1 
 .text.do_memp_malloc_pool
                0x402059e0       0x29 ./build/lwip.a(memp.o)
                                 0x3d (size before relaxing)
 *fill*         0x40205a09        0x3 
 .text.memp_malloc
                0x40205a0c       0x27 ./build/lwip.a(memp.o)
                                 0x2b (size before relaxing)
                0x40205a10                memp_malloc
 *fill*         0x40205a33        0x1 
 .text.memp_free
                0x40205a34       0x23 ./build/lwip.a(memp.o)
                                 0x37 (size before relaxing)
                0x40205a34                memp_free
 *fill*         0x40205a57        0x1 
 .text.netif_issue_reports$part$0
                0x40205a58       0x29 ./build/lwip.a(netif.o)
                                 0x39 (size before relaxing)
 *fill*         0x40205a81        0x3 
 .text.netif_set_ipaddr
                0x40205a84       0x59 ./build/lwip.a(netif.o)
                                 0x6d (size before relaxing)
                0x40205a88                netif_set_ipaddr
 *fill*         0x40205add        0x3 
 .text.netif_set_addr
                0x40205ae0       0xb6 ./build/lwip.a(netif.o)
                                 0xc6 (size before relaxing)
                0x40205ae0                netif_set_addr
 *fill*         0x40205b96        0x2 
 .text.netif_add
                0x40205b98       0xef ./build/lwip.a(netif.o)
                                 0xff (size before relaxing)
                0x40205ba0                netif_add
 *fill*         0x40205c87        0x1 
 .text.netif_set_default
                0x40205c88        0xb ./build/lwip.a(netif.o)
                0x40205c8c                netif_set_default
 *fill*         0x40205c93        0x1 
 .text.netif_set_up
                0x40205c94       0x27 ./build/lwip.a(netif.o)
                                 0x2b (size before relaxing)
                0x40205c94                netif_set_up
 *fill*         0x40205cbb        0x1 
 .text.netif_set_down
                0x40205cbc       0x20 ./build/lwip.a(netif.o)
                                 0x27 (size before relaxing)
                0x40205cbc                netif_set_down
 *fill*         0x40205cdc        0x0 
 .text.netif_get_by_index
                0x40205cdc       0x30 ./build/lwip.a(netif.o)
                                 0x34 (size before relaxing)
                0x40205cdc                netif_get_by_index
 .text.pbuf_free_ooseq_callback
                0x40205d0c       0x40 ./build/lwip.a(pbuf.o)
                                 0x54 (size before relaxing)
 .text.pbuf_add_header_impl
                0x40205d4c       0x5a ./build/lwip.a(pbuf.o)
 *fill*         0x40205da6        0x2 
 .text.pbuf_alloc_reference
                0x40205da8       0x45 ./build/lwip.a(pbuf.o)
                                 0x49 (size before relaxing)
                0x40205da8                pbuf_alloc_reference
 *fill*         0x40205ded        0x3 
 .text.pbuf_add_header
                0x40205df0       0x14 ./build/lwip.a(pbuf.o)
                                 0x18 (size before relaxing)
                0x40205df0                pbuf_add_header
 .text.pbuf_remove_header
                0x40205e04       0x3c ./build/lwip.a(pbuf.o)
                                 0x40 (size before relaxing)
                0x40205e04                pbuf_remove_header
 .text.pbuf_header_force
                0x40205e40       0x27 ./build/lwip.a(pbuf.o)
                                 0x33 (size before relaxing)
                0x40205e40                pbuf_header_force
 *fill*         0x40205e67        0x1 
 .text.pbuf_free
                0x40205e68       0x79 ./build/lwip.a(pbuf.o)
                                 0x9d (size before relaxing)
                0x40205e68                pbuf_free
 *fill*         0x40205ee1        0x3 
 .text.pbuf_alloc
                0x40205ee4      0x157 ./build/lwip.a(pbuf.o)
                                0x197 (size before relaxing)
                0x40205ee8                pbuf_alloc
 *fill*         0x4020603b        0x1 
 .text.pbuf_realloc
                0x4020603c       0x74 ./build/lwip.a(pbuf.o)
                                 0x7f (size before relaxing)
                0x4020603c                pbuf_realloc
 *fill*         0x402060b0        0x0 
 .text.pbuf_free_header
                0x402060b0       0x53 ./build/lwip.a(pbuf.o)
                                 0x5b (size before relaxing)
                0x402060b0                pbuf_free_header
 *fill*         0x40206103        0x1 
 .text.pbuf_ref
                0x40206104       0x25 ./build/lwip.a(pbuf.o)
                                 0x31 (size before relaxing)
                0x40206104                pbuf_ref
 *fill*         0x40206129        0x3 
 .text.pbuf_chain
                0x4020612c       0x1d ./build/lwip.a(pbuf.o)
                                 0x29 (size before relaxing)
                0x4020612c                pbuf_chain
 *fill*         0x40206149        0x3 
 .text.pbuf_copy
                0x4020614c       0xcb ./build/lwip.a(pbuf.o)
                                 0xcf (size before relaxing)
                0x4020614c                pbuf_copy
 *fill*         0x40206217        0x1 
 .text.pbuf_copy_partial
                0x40206218       0x93 ./build/lwip.a(pbuf.o)
                                 0x97 (size before relaxing)
                0x40206218                pbuf_copy_partial
 *fill*         0x402062ab        0x1 
 .text.pbuf_take
                0x402062ac       0x6a ./build/lwip.a(pbuf.o)
                                 0x6e (size before relaxing)
                0x402062ac                pbuf_take
 *fill*         0x40206316        0x2 
 .text.pbuf_take_at
                0x40206318       0x8f ./build/lwip.a(pbuf.o)
                                 0x9f (size before relaxing)
                0x40206318                pbuf_take_at
 *fill*         0x402063a7        0x1 
 .text.pbuf_clone
                0x402063a8       0x2b ./build/lwip.a(pbuf.o)
                                 0x37 (size before relaxing)
                0x402063a8                pbuf_clone
 *fill*         0x402063d3        0x1 
 .text.tcp_close_shutdown_fin
                0x402063d4       0x86 ./build/lwip.a(tcp.o)
                                 0xa2 (size before relaxing)
 *fill*         0x4020645a        0x2 
 .text.tcp_init
                0x4020645c       0x27 ./build/lwip.a(tcp.o)
                0x40206464                tcp_init
 *fill*         0x40206483        0x1 
 .text.tcp_backlog_accepted
                0x40206484       0x15 ./build/lwip.a(tcp.o)
                                 0x1c (size before relaxing)
                0x40206484                tcp_backlog_accepted
 *fill*         0x40206499        0x3 
 .text.tcp_update_rcv_ann_wnd
                0x4020649c       0x46 ./build/lwip.a(tcp.o)
                0x402064a0                tcp_update_rcv_ann_wnd
 *fill*         0x402064e2        0x2 
 .text.tcp_recved
                0x402064e4       0x67 ./build/lwip.a(tcp.o)
                                 0x73 (size before relaxing)
                0x402064e8                tcp_recved
 *fill*         0x4020654b        0x1 
 .text.tcp_seg_free
                0x4020654c       0x26 ./build/lwip.a(tcp.o)
                                 0x31 (size before relaxing)
                0x4020654c                tcp_seg_free
 *fill*         0x40206572        0x2 
 .text.tcp_segs_free
                0x40206574       0x21 ./build/lwip.a(tcp.o)
                                 0x25 (size before relaxing)
                0x40206574                tcp_segs_free
 *fill*         0x40206595        0x3 
 .text.tcp_seg_copy
                0x40206598       0x33 ./build/lwip.a(tcp.o)
                                 0x43 (size before relaxing)
                0x40206598                tcp_seg_copy
 *fill*         0x402065cb        0x1 
 .text.tcp_next_iss
                0x402065cc       0x18 ./build/lwip.a(tcp.o)
                0x402065d4                tcp_next_iss
 .text.tcp_free_ooseq
                0x402065e4       0x3b ./build/lwip.a(tcp.o)
                                 0x43 (size before relaxing)
                0x402065e4                tcp_free_ooseq
 *fill*         0x4020661f        0x1 
 .text.tcp_pcb_purge
                0x40206620       0x85 ./build/lwip.a(tcp.o)
                                 0x9d (size before relaxing)
                0x40206620                tcp_pcb_purge
 *fill*         0x402066a5        0x3 
 .text.tcp_pcb_remove
                0x402066a8       0x6c ./build/lwip.a(tcp.o)
                                 0x78 (size before relaxing)
                0x402066a8                tcp_pcb_remove
 .text.tcp_abandon
                0x40206714      0x137 ./build/lwip.a(tcp.o)
                                0x16b (size before relaxing)
                0x40206720                tcp_abandon
 *fill*         0x4020684b        0x1 
 .text.tcp_abort
                0x4020684c       0x14 ./build/lwip.a(tcp.o)
                                 0x18 (size before relaxing)
                0x4020684c                tcp_abort
 .text.tcp_kill_timewait
                0x40206860       0x42 ./build/lwip.a(tcp.o)
                                 0x4e (size before relaxing)
 *fill*         0x402068a2        0x2 
 .text.tcp_netif_ip_addr_changed_pcblist
                0x402068a4       0x35 ./build/lwip.a(tcp.o)
                                 0x39 (size before relaxing)
 *fill*         0x402068d9        0x3 
 .text.tcp_netif_ip_addr_changed
                0x402068dc       0x5b ./build/lwip.a(tcp.o)
                                 0x6f (size before relaxing)
                0x402068e0                tcp_netif_ip_addr_changed
 *fill*         0x40206937        0x1 
 .text.tcp_kill_state
                0x40206938       0x3c ./build/lwip.a(tcp.o)
                                 0x48 (size before relaxing)
 .text.tcp_alloc
                0x40206974      0x125 ./build/lwip.a(tcp.o)
                                0x185 (size before relaxing)
                0x40206988                tcp_alloc
 *fill*         0x40206a99        0x3 
 .text.tcp_close_shutdown
                0x40206a9c      0x1a3 ./build/lwip.a(tcp.o)
                                0x1f3 (size before relaxing)
 *fill*         0x40206c3f        0x1 
 .text.tcp_close
                0x40206c40       0x27 ./build/lwip.a(tcp.o)
                                 0x2b (size before relaxing)
                0x40206c40                tcp_close
 *fill*         0x40206c67        0x1 
 .text.tcp_recv_null
                0x40206c68       0x3d ./build/lwip.a(tcp.o)
                                 0x4d (size before relaxing)
                0x40206c68                tcp_recv_null
 *fill*         0x40206ca5        0x3 
 .text.tcp_process_refused_data
                0x40206ca8       0x97 ./build/lwip.a(tcp.o)
                                 0xa3 (size before relaxing)
                0x40206ca8                tcp_process_refused_data
 *fill*         0x40206d3f        0x1 
 .text.tcp_fasttmr
                0x40206d40       0x93 ./build/lwip.a(tcp.o)
                                 0xb3 (size before relaxing)
                0x40206d40                tcp_fasttmr
 *fill*         0x40206dd3        0x1 
 .text.tcp_shutdown
                0x40206dd4       0x71 ./build/lwip.a(tcp.o)